Component: ARM Compiler 5.06 update 7 (build 960) Tool: armlink [4d3601]

==============================================================================

Section Cross References

    system_stm32l1xx.o(i.SystemCoreClockUpdate) refers to system_stm32l1xx.o(.data) for SystemCoreClock
    system_stm32l1xx.o(i.SystemCoreClockUpdate) refers to system_stm32l1xx.o(.constdata) for PLLMulTable
    startup_stm32l152xb.o(STACK) refers (Special) to heapauxi.o(.text) for __use_two_region_memory
    startup_stm32l152xb.o(HEAP) refers (Special) to heapauxi.o(.text) for __use_two_region_memory
    startup_stm32l152xb.o(RESET) refers (Special) to heapauxi.o(.text) for __use_two_region_memory
    startup_stm32l152xb.o(RESET) refers to startup_stm32l152xb.o(STACK) for __initial_sp
    startup_stm32l152xb.o(RESET) refers to startup_stm32l152xb.o(.text) for Reset_Handler
    startup_stm32l152xb.o(RESET) refers to main.o(i.EXTI0_IRQHandler) for EXTI0_IRQHandler
    startup_stm32l152xb.o(RESET) refers to main.o(i.TIM2_IRQHandler) for TIM2_IRQHandler
    startup_stm32l152xb.o(.text) refers (Special) to heapauxi.o(.text) for __use_two_region_memory
    startup_stm32l152xb.o(.text) refers to system_stm32l1xx.o(i.SystemInit) for SystemInit
    startup_stm32l152xb.o(.text) refers to __main.o(!!!main) for __main
    startup_stm32l152xb.o(.text) refers to startup_stm32l152xb.o(HEAP) for Heap_Mem
    startup_stm32l152xb.o(.text) refers to startup_stm32l152xb.o(STACK) for Stack_Mem
    main.o(i.DisplayNumber) refers to rt_memcpy_w.o(.text) for __aeabi_memcpy4
    main.o(i.DisplayNumber) refers to main.o(i.LL_GPIO_ResetOutputPin) for LL_GPIO_ResetOutputPin
    main.o(i.DisplayNumber) refers to main.o(i.LL_GPIO_SetOutputPin) for LL_GPIO_SetOutputPin
    main.o(i.DisplayNumber) refers to stm32l1xx_ll_utils.o(i.LL_mDelay) for LL_mDelay
    main.o(i.DisplayNumber) refers to main.o(.constdata) for .constdata
    main.o(i.DisplayNumber) refers to main.o(.data) for measureUnit
    main.o(i.EXTI0_IRQHandler) refers to main.o(.data) for ref_value
    main.o(i.GPIO_Config) refers to rt_memcpy_w.o(.text) for __aeabi_memcpy4
    main.o(i.GPIO_Config) refers to stm32l1xx_ll_gpio.o(i.LL_GPIO_Init) for LL_GPIO_Init
    main.o(i.GPIO_Config) refers to main.o(.constdata) for .constdata
    main.o(i.PA0_EXTI_Config) refers to main.o(i.LL_APB1_GRP1_EnableClock) for LL_APB1_GRP1_EnableClock
    main.o(i.PA0_EXTI_Config) refers to stm32l1xx_ll_exti.o(i.LL_EXTI_Init) for LL_EXTI_Init
    main.o(i.PA0_EXTI_Config) refers to main.o(i.NVIC_EnableIRQ) for NVIC_EnableIRQ
    main.o(i.PA0_EXTI_Config) refers to main.o(.constdata) for .constdata
    main.o(i.SystemClock_Config) refers to main.o(i.LL_APB1_GRP1_EnableClock) for LL_APB1_GRP1_EnableClock
    main.o(i.SystemClock_Config) refers to main.o(i.LL_RCC_HSI_IsReady) for LL_RCC_HSI_IsReady
    main.o(i.SystemClock_Config) refers to stm32l1xx_ll_utils.o(i.LL_Init1msTick) for LL_Init1msTick
    main.o(i.SystemClock_Config) refers to stm32l1xx_ll_utils.o(i.LL_SetSystemCoreClock) for LL_SetSystemCoreClock
    main.o(i.TIM2_IRQHandler) refers to main.o(.data) for button_pressed
    main.o(i.TIM_Config) refers to main.o(i.LL_APB1_GRP1_EnableClock) for LL_APB1_GRP1_EnableClock
    main.o(i.TIM_Config) refers to stm32l1xx_ll_tim.o(i.LL_TIM_Init) for LL_TIM_Init
    main.o(i.TIM_Config) refers to main.o(i.LL_TIM_EnableCounter) for LL_TIM_EnableCounter
    main.o(i.TIM_Config) refers to stm32l1xx_ll_tim.o(i.LL_TIM_OC_Init) for LL_TIM_OC_Init
    main.o(i.TIM_Config) refers to main.o(.constdata) for .constdata
    main.o(i.main) refers to main.o(i.LL_AHB1_GRP1_EnableClock) for LL_AHB1_GRP1_EnableClock
    main.o(i.main) refers to main.o(i.SystemClock_Config) for SystemClock_Config
    main.o(i.main) refers to main.o(i.GPIO_Config) for GPIO_Config
    main.o(i.main) refers to main.o(i.TIM_Config) for TIM_Config
    main.o(i.main) refers to main.o(i.PA0_EXTI_Config) for PA0_EXTI_Config
    main.o(i.main) refers to main.o(i.NVIC_EnableIRQ) for NVIC_EnableIRQ
    main.o(i.main) refers to main.o(i.DisplayNumber) for DisplayNumber
    main.o(i.main) refers to main.o(.data) for ref_value
    stm32l1xx_ll_lcd.o(i.LL_LCD_Clear) refers to stm32l1xx_ll_lcd.o(i.LL_LCD_UpdateDisplayRequest) for LL_LCD_UpdateDisplayRequest
    stm32l1xx_ll_lcd.o(i.LL_LCD_DeInit) refers to stm32l1xx_ll_lcd.o(i.LCD_WaitForSynchro) for LCD_WaitForSynchro
    stm32l1xx_ll_lcd.o(i.LL_LCD_DeInit) refers to stm32l1xx_ll_lcd.o(i.LL_LCD_MspDeInit) for LL_LCD_MspDeInit
    stm32l1xx_ll_lcd.o(i.LL_LCD_Init) refers to stm32l1xx_ll_lcd.o(i.LCD_WaitForSynchro) for LCD_WaitForSynchro
    stm32l152_glass_lcd.o(i.Convert) refers to stm32l152_glass_lcd.o(.constdata) for NumberMap
    stm32l152_glass_lcd.o(i.Convert) refers to stm32l152_glass_lcd.o(.bss) for Digit
    stm32l152_glass_lcd.o(i.LCD_GLASS_BarLevelConfig) refers to stm32l1xx_ll_lcd.o(i.LL_LCD_Write) for LL_LCD_Write
    stm32l152_glass_lcd.o(i.LCD_GLASS_BarLevelConfig) refers to stm32l1xx_ll_lcd.o(i.LL_LCD_UpdateDisplayRequest) for LL_LCD_UpdateDisplayRequest
    stm32l152_glass_lcd.o(i.LCD_GLASS_BarLevelConfig) refers to stm32l152_glass_lcd.o(.data) for LCDBar
    stm32l152_glass_lcd.o(i.LCD_GLASS_BlinkConfig) refers to stm32l1xx_ll_lcd.o(i.LCD_WaitForSynchro) for LCD_WaitForSynchro
    stm32l152_glass_lcd.o(i.LCD_GLASS_Clear) refers to stm32l1xx_ll_lcd.o(i.LL_LCD_Clear) for LL_LCD_Clear
    stm32l152_glass_lcd.o(i.LCD_GLASS_ClearBar) refers to stm32l1xx_ll_lcd.o(i.LL_LCD_Write) for LL_LCD_Write
    stm32l152_glass_lcd.o(i.LCD_GLASS_ClearBar) refers to stm32l1xx_ll_lcd.o(i.LL_LCD_UpdateDisplayRequest) for LL_LCD_UpdateDisplayRequest
    stm32l152_glass_lcd.o(i.LCD_GLASS_Contrast) refers to stm32l1xx_ll_lcd.o(i.LCD_WaitForSynchro) for LCD_WaitForSynchro
    stm32l152_glass_lcd.o(i.LCD_GLASS_DisplayBar) refers to stm32l1xx_ll_lcd.o(i.LL_LCD_Write) for LL_LCD_Write
    stm32l152_glass_lcd.o(i.LCD_GLASS_DisplayBar) refers to stm32l1xx_ll_lcd.o(i.LL_LCD_UpdateDisplayRequest) for LL_LCD_UpdateDisplayRequest
    stm32l152_glass_lcd.o(i.LCD_GLASS_DisplayChar) refers to stm32l152_glass_lcd.o(i.Convert) for Convert
    stm32l152_glass_lcd.o(i.LCD_GLASS_DisplayChar) refers to stm32l1xx_ll_lcd.o(i.LL_LCD_Write) for LL_LCD_Write
    stm32l152_glass_lcd.o(i.LCD_GLASS_DisplayChar) refers to stm32l152_glass_lcd.o(.bss) for Digit
    stm32l152_glass_lcd.o(i.LCD_GLASS_DisplayChar) refers to stm32l1xx_ll_lcd.o(i.LL_LCD_UpdateDisplayRequest) for LL_LCD_UpdateDisplayRequest
    stm32l152_glass_lcd.o(i.LCD_GLASS_DisplayStrDeci) refers to stm32l152_glass_lcd.o(i.LCD_GLASS_WriteChar) for LCD_GLASS_WriteChar
    stm32l152_glass_lcd.o(i.LCD_GLASS_DisplayString) refers to stm32l152_glass_lcd.o(i.LCD_GLASS_WriteChar) for LCD_GLASS_WriteChar
    stm32l152_glass_lcd.o(i.LCD_GLASS_DisplayString) refers to stm32l1xx_ll_lcd.o(i.LL_LCD_UpdateDisplayRequest) for LL_LCD_UpdateDisplayRequest
    stm32l152_glass_lcd.o(i.LCD_GLASS_Init) refers to stm32l152_glass_lcd.o(i.LCD_MspInit) for LCD_MspInit
    stm32l152_glass_lcd.o(i.LCD_GLASS_Init) refers to stm32l1xx_ll_lcd.o(i.LL_LCD_Init) for LL_LCD_Init
    stm32l152_glass_lcd.o(i.LCD_GLASS_Init) refers to stm32l152_glass_lcd.o(i.LCD_GLASS_Clear) for LCD_GLASS_Clear
    stm32l152_glass_lcd.o(i.LCD_GLASS_Init) refers to stm32l152_glass_lcd.o(.bss) for LCD_InitStructure
    stm32l152_glass_lcd.o(i.LCD_GLASS_ScrollSentence) refers to stm32l152_glass_lcd.o(i.LCD_GLASS_DisplayString) for LCD_GLASS_DisplayString
    stm32l152_glass_lcd.o(i.LCD_GLASS_ScrollSentence) refers to stm32l1xx_ll_utils.o(i.LL_mDelay) for LL_mDelay
    stm32l152_glass_lcd.o(i.LCD_GLASS_ScrollSentence) refers to stm32l152_glass_lcd.o(i.LCD_GLASS_Clear) for LCD_GLASS_Clear
    stm32l152_glass_lcd.o(i.LCD_GLASS_WriteChar) refers to stm32l152_glass_lcd.o(i.LCD_GLASS_DisplayChar) for LCD_GLASS_DisplayChar
    stm32l152_glass_lcd.o(i.LCD_MspInit) refers to rt_memclr_w.o(.text) for __aeabi_memclr4
    stm32l152_glass_lcd.o(i.LCD_MspInit) refers to stm32l152_glass_lcd.o(i.LL_APB1_GRP1_EnableClock) for LL_APB1_GRP1_EnableClock
    stm32l152_glass_lcd.o(i.LCD_MspInit) refers to stm32l152_glass_lcd.o(i.LL_RCC_LSE_IsReady) for LL_RCC_LSE_IsReady
    stm32l152_glass_lcd.o(i.LCD_MspInit) refers to stm32l152_glass_lcd.o(i.LL_AHB1_GRP1_EnableClock) for LL_AHB1_GRP1_EnableClock
    stm32l152_glass_lcd.o(i.LCD_MspInit) refers to stm32l1xx_ll_gpio.o(i.LL_GPIO_Init) for LL_GPIO_Init
    stm32l152_glass_lcd.o(i.LCD_MspInit) refers to stm32l1xx_ll_utils.o(i.LL_mDelay) for LL_mDelay
    stm32l1xx_ll_rcc.o(i.LL_RCC_GetSystemClocksFreq) refers to stm32l1xx_ll_rcc.o(i.RCC_GetSystemClockFreq) for RCC_GetSystemClockFreq
    stm32l1xx_ll_rcc.o(i.LL_RCC_GetSystemClocksFreq) refers to stm32l1xx_ll_rcc.o(i.RCC_GetHCLKClockFreq) for RCC_GetHCLKClockFreq
    stm32l1xx_ll_rcc.o(i.LL_RCC_GetSystemClocksFreq) refers to stm32l1xx_ll_rcc.o(i.RCC_GetPCLK1ClockFreq) for RCC_GetPCLK1ClockFreq
    stm32l1xx_ll_rcc.o(i.LL_RCC_GetSystemClocksFreq) refers to stm32l1xx_ll_rcc.o(i.RCC_GetPCLK2ClockFreq) for RCC_GetPCLK2ClockFreq
    stm32l1xx_ll_rcc.o(i.RCC_GetHCLKClockFreq) refers to system_stm32l1xx.o(.constdata) for AHBPrescTable
    stm32l1xx_ll_rcc.o(i.RCC_GetPCLK1ClockFreq) refers to system_stm32l1xx.o(.constdata) for APBPrescTable
    stm32l1xx_ll_rcc.o(i.RCC_GetPCLK2ClockFreq) refers to system_stm32l1xx.o(.constdata) for APBPrescTable
    stm32l1xx_ll_rcc.o(i.RCC_GetSystemClockFreq) refers to stm32l1xx_ll_rcc.o(i.RCC_PLL_GetFreqDomain_SYS) for RCC_PLL_GetFreqDomain_SYS
    stm32l1xx_ll_rcc.o(i.RCC_PLL_GetFreqDomain_SYS) refers to system_stm32l1xx.o(.constdata) for PLLMulTable
    stm32l1xx_ll_utils.o(i.LL_PLL_ConfigSystemClock_HSE) refers to stm32l1xx_ll_utils.o(i.UTILS_PLL_IsBusy) for UTILS_PLL_IsBusy
    stm32l1xx_ll_utils.o(i.LL_PLL_ConfigSystemClock_HSE) refers to stm32l1xx_ll_utils.o(i.UTILS_GetPLLOutputFrequency) for UTILS_GetPLLOutputFrequency
    stm32l1xx_ll_utils.o(i.LL_PLL_ConfigSystemClock_HSE) refers to stm32l1xx_ll_utils.o(i.LL_RCC_HSE_IsReady) for LL_RCC_HSE_IsReady
    stm32l1xx_ll_utils.o(i.LL_PLL_ConfigSystemClock_HSE) refers to stm32l1xx_ll_utils.o(i.LL_RCC_PLL_ConfigDomain_SYS) for LL_RCC_PLL_ConfigDomain_SYS
    stm32l1xx_ll_utils.o(i.LL_PLL_ConfigSystemClock_HSE) refers to stm32l1xx_ll_utils.o(i.UTILS_EnablePLLAndSwitchSystem) for UTILS_EnablePLLAndSwitchSystem
    stm32l1xx_ll_utils.o(i.LL_PLL_ConfigSystemClock_HSI) refers to stm32l1xx_ll_utils.o(i.UTILS_PLL_IsBusy) for UTILS_PLL_IsBusy
    stm32l1xx_ll_utils.o(i.LL_PLL_ConfigSystemClock_HSI) refers to stm32l1xx_ll_utils.o(i.UTILS_GetPLLOutputFrequency) for UTILS_GetPLLOutputFrequency
    stm32l1xx_ll_utils.o(i.LL_PLL_ConfigSystemClock_HSI) refers to stm32l1xx_ll_utils.o(i.LL_RCC_HSI_IsReady) for LL_RCC_HSI_IsReady
    stm32l1xx_ll_utils.o(i.LL_PLL_ConfigSystemClock_HSI) refers to stm32l1xx_ll_utils.o(i.LL_RCC_PLL_ConfigDomain_SYS) for LL_RCC_PLL_ConfigDomain_SYS
    stm32l1xx_ll_utils.o(i.LL_PLL_ConfigSystemClock_HSI) refers to stm32l1xx_ll_utils.o(i.UTILS_EnablePLLAndSwitchSystem) for UTILS_EnablePLLAndSwitchSystem
    stm32l1xx_ll_utils.o(i.LL_SetSystemCoreClock) refers to system_stm32l1xx.o(.data) for SystemCoreClock
    stm32l1xx_ll_utils.o(i.UTILS_EnablePLLAndSwitchSystem) refers to stm32l1xx_ll_utils.o(i.UTILS_SetFlashLatency) for UTILS_SetFlashLatency
    stm32l1xx_ll_utils.o(i.UTILS_EnablePLLAndSwitchSystem) refers to stm32l1xx_ll_utils.o(i.LL_RCC_PLL_IsReady) for LL_RCC_PLL_IsReady
    stm32l1xx_ll_utils.o(i.UTILS_EnablePLLAndSwitchSystem) refers to stm32l1xx_ll_utils.o(i.LL_SetSystemCoreClock) for LL_SetSystemCoreClock
    stm32l1xx_ll_utils.o(i.UTILS_EnablePLLAndSwitchSystem) refers to system_stm32l1xx.o(.constdata) for AHBPrescTable
    stm32l1xx_ll_utils.o(i.UTILS_EnablePLLAndSwitchSystem) refers to system_stm32l1xx.o(.data) for SystemCoreClock
    stm32l1xx_ll_utils.o(i.UTILS_GetPLLOutputFrequency) refers to system_stm32l1xx.o(.constdata) for PLLMulTable
    stm32l1xx_ll_utils.o(i.UTILS_PLL_IsBusy) refers to stm32l1xx_ll_utils.o(i.LL_RCC_PLL_IsReady) for LL_RCC_PLL_IsReady
    stm32l1xx_ll_gpio.o(i.LL_GPIO_DeInit) refers to stm32l1xx_ll_gpio.o(i.LL_AHB1_GRP1_ForceReset) for LL_AHB1_GRP1_ForceReset
    stm32l1xx_ll_gpio.o(i.LL_GPIO_DeInit) refers to stm32l1xx_ll_gpio.o(i.LL_AHB1_GRP1_ReleaseReset) for LL_AHB1_GRP1_ReleaseReset
    stm32l1xx_ll_tim.o(i.LL_TIM_DeInit) refers to stm32l1xx_ll_tim.o(i.LL_APB1_GRP1_ForceReset) for LL_APB1_GRP1_ForceReset
    stm32l1xx_ll_tim.o(i.LL_TIM_DeInit) refers to stm32l1xx_ll_tim.o(i.LL_APB1_GRP1_ReleaseReset) for LL_APB1_GRP1_ReleaseReset
    stm32l1xx_ll_tim.o(i.LL_TIM_DeInit) refers to stm32l1xx_ll_tim.o(i.LL_APB2_GRP1_ForceReset) for LL_APB2_GRP1_ForceReset
    stm32l1xx_ll_tim.o(i.LL_TIM_DeInit) refers to stm32l1xx_ll_tim.o(i.LL_APB2_GRP1_ReleaseReset) for LL_APB2_GRP1_ReleaseReset
    stm32l1xx_ll_tim.o(i.LL_TIM_IC_Init) refers to stm32l1xx_ll_tim.o(i.IC1Config) for IC1Config
    stm32l1xx_ll_tim.o(i.LL_TIM_IC_Init) refers to stm32l1xx_ll_tim.o(i.IC2Config) for IC2Config
    stm32l1xx_ll_tim.o(i.LL_TIM_IC_Init) refers to stm32l1xx_ll_tim.o(i.IC3Config) for IC3Config
    stm32l1xx_ll_tim.o(i.LL_TIM_IC_Init) refers to stm32l1xx_ll_tim.o(i.IC4Config) for IC4Config
    stm32l1xx_ll_tim.o(i.LL_TIM_OC_Init) refers to stm32l1xx_ll_tim.o(i.OC1Config) for OC1Config
    stm32l1xx_ll_tim.o(i.LL_TIM_OC_Init) refers to stm32l1xx_ll_tim.o(i.OC2Config) for OC2Config
    stm32l1xx_ll_tim.o(i.LL_TIM_OC_Init) refers to stm32l1xx_ll_tim.o(i.OC3Config) for OC3Config
    stm32l1xx_ll_tim.o(i.LL_TIM_OC_Init) refers to stm32l1xx_ll_tim.o(i.OC4Config) for OC4Config
    stm32l1xx_ll_exti.o(i.LL_EXTI_Init) refers to stm32l1xx_ll_exti.o(i.LL_EXTI_DisableEvent_0_31) for LL_EXTI_DisableEvent_0_31
    stm32l1xx_ll_exti.o(i.LL_EXTI_Init) refers to stm32l1xx_ll_exti.o(i.LL_EXTI_EnableIT_0_31) for LL_EXTI_EnableIT_0_31
    stm32l1xx_ll_exti.o(i.LL_EXTI_Init) refers to stm32l1xx_ll_exti.o(i.LL_EXTI_DisableIT_0_31) for LL_EXTI_DisableIT_0_31
    stm32l1xx_ll_exti.o(i.LL_EXTI_Init) refers to stm32l1xx_ll_exti.o(i.LL_EXTI_EnableEvent_0_31) for LL_EXTI_EnableEvent_0_31
    stm32l1xx_ll_exti.o(i.LL_EXTI_Init) refers to stm32l1xx_ll_exti.o(i.LL_EXTI_EnableRisingTrig_0_31) for LL_EXTI_EnableRisingTrig_0_31
    stm32l1xx_ll_exti.o(i.LL_EXTI_Init) refers to stm32l1xx_ll_exti.o(i.LL_EXTI_EnableFallingTrig_0_31) for LL_EXTI_EnableFallingTrig_0_31
    stm32l1xx_ll_i2c.o(i.LL_I2C_DeInit) refers to stm32l1xx_ll_i2c.o(i.LL_APB1_GRP1_ForceReset) for LL_APB1_GRP1_ForceReset
    stm32l1xx_ll_i2c.o(i.LL_I2C_DeInit) refers to stm32l1xx_ll_i2c.o(i.LL_APB1_GRP1_ReleaseReset) for LL_APB1_GRP1_ReleaseReset
    stm32l1xx_ll_i2c.o(i.LL_I2C_Init) refers to stm32l1xx_ll_rcc.o(i.LL_RCC_GetSystemClocksFreq) for LL_RCC_GetSystemClocksFreq
    stm32l1xx_ll_i2c.o(i.LL_I2C_Init) refers to stm32l1xx_ll_i2c.o(i.LL_I2C_ConfigSpeed) for LL_I2C_ConfigSpeed
    __main.o(!!!main) refers to __rtentry.o(.ARM.Collect$$rtentry$$00000000) for __rt_entry
    __rtentry.o(.ARM.Collect$$rtentry$$00000000) refers (Special) to __rtentry2.o(.ARM.Collect$$rtentry$$0000000A) for __rt_entry_li
    __rtentry.o(.ARM.Collect$$rtentry$$00000000) refers (Special) to __rtentry2.o(.ARM.Collect$$rtentry$$0000000D) for __rt_entry_main
    __rtentry.o(.ARM.Collect$$rtentry$$00000000) refers (Special) to __rtentry2.o(.ARM.Collect$$rtentry$$0000000C) for __rt_entry_postli_1
    __rtentry.o(.ARM.Collect$$rtentry$$00000000) refers (Special) to __rtentry2.o(.ARM.Collect$$rtentry$$00000009) for __rt_entry_postsh_1
    __rtentry.o(.ARM.Collect$$rtentry$$00000000) refers (Special) to __rtentry2.o(.ARM.Collect$$rtentry$$00000002) for __rt_entry_presh_1
    __rtentry.o(.ARM.Collect$$rtentry$$00000000) refers (Special) to __rtentry4.o(.ARM.Collect$$rtentry$$00000004) for __rt_entry_sh
    __rtentry2.o(.ARM.Collect$$rtentry$$00000008) refers to boardinit2.o(.text) for _platform_post_stackheap_init
    __rtentry2.o(.ARM.Collect$$rtentry$$0000000A) refers to libinit.o(.ARM.Collect$$libinit$$00000000) for __rt_lib_init
    __rtentry2.o(.ARM.Collect$$rtentry$$0000000B) refers to boardinit3.o(.text) for _platform_post_lib_init
    __rtentry2.o(.ARM.Collect$$rtentry$$0000000D) refers to main.o(i.main) for main
    __rtentry2.o(.ARM.Collect$$rtentry$$0000000D) refers to exit.o(.text) for exit
    __rtentry2.o(.ARM.exidx) refers to __rtentry2.o(.ARM.Collect$$rtentry$$00000001) for .ARM.Collect$$rtentry$$00000001
    __rtentry2.o(.ARM.exidx) refers to __rtentry2.o(.ARM.Collect$$rtentry$$00000008) for .ARM.Collect$$rtentry$$00000008
    __rtentry2.o(.ARM.exidx) refers to __rtentry2.o(.ARM.Collect$$rtentry$$0000000A) for .ARM.Collect$$rtentry$$0000000A
    __rtentry2.o(.ARM.exidx) refers to __rtentry2.o(.ARM.Collect$$rtentry$$0000000B) for .ARM.Collect$$rtentry$$0000000B
    __rtentry2.o(.ARM.exidx) refers to __rtentry2.o(.ARM.Collect$$rtentry$$0000000D) for .ARM.Collect$$rtentry$$0000000D
    __rtentry4.o(.ARM.Collect$$rtentry$$00000004) refers to sys_stackheap_outer.o(.text) for __user_setup_stackheap
    __rtentry4.o(.ARM.exidx) refers to __rtentry4.o(.ARM.Collect$$rtentry$$00000004) for .ARM.Collect$$rtentry$$00000004
    sys_stackheap_outer.o(.text) refers to libspace.o(.text) for __user_perproc_libspace
    sys_stackheap_outer.o(.text) refers to startup_stm32l152xb.o(.text) for __user_initial_stackheap
    exit.o(.text) refers to rtexit.o(.ARM.Collect$$rtexit$$00000000) for __rt_exit
    libinit.o(.ARM.Collect$$libinit$$00000000) refers (Special) to libinit2.o(.ARM.Collect$$libinit$$0000002E) for __rt_lib_init_alloca_1
    libinit.o(.ARM.Collect$$libinit$$00000000) refers (Special) to libinit2.o(.ARM.Collect$$libinit$$0000002C) for __rt_lib_init_argv_1
    libinit.o(.ARM.Collect$$libinit$$00000000) refers (Special) to libinit2.o(.ARM.Collect$$libinit$$0000001B) for __rt_lib_init_atexit_1
    libinit.o(.ARM.Collect$$libinit$$00000000) refers (Special) to libinit2.o(.ARM.Collect$$libinit$$00000021) for __rt_lib_init_clock_1
    libinit.o(.ARM.Collect$$libinit$$00000000) refers (Special) to libinit2.o(.ARM.Collect$$libinit$$00000032) for __rt_lib_init_cpp_1
    libinit.o(.ARM.Collect$$libinit$$00000000) refers (Special) to libinit2.o(.ARM.Collect$$libinit$$00000030) for __rt_lib_init_exceptions_1
    libinit.o(.ARM.Collect$$libinit$$00000000) refers (Special) to libinit2.o(.ARM.Collect$$libinit$$00000002) for __rt_lib_init_fp_1
    libinit.o(.ARM.Collect$$libinit$$00000000) refers (Special) to libinit2.o(.ARM.Collect$$libinit$$0000001F) for __rt_lib_init_fp_trap_1
    libinit.o(.ARM.Collect$$libinit$$00000000) refers (Special) to libinit2.o(.ARM.Collect$$libinit$$00000023) for __rt_lib_init_getenv_1
    libinit.o(.ARM.Collect$$libinit$$00000000) refers (Special) to libinit2.o(.ARM.Collect$$libinit$$0000000A) for __rt_lib_init_heap_1
    libinit.o(.ARM.Collect$$libinit$$00000000) refers (Special) to libinit2.o(.ARM.Collect$$libinit$$00000011) for __rt_lib_init_lc_collate_1
    libinit.o(.ARM.Collect$$libinit$$00000000) refers (Special) to libinit2.o(.ARM.Collect$$libinit$$00000013) for __rt_lib_init_lc_ctype_1
    libinit.o(.ARM.Collect$$libinit$$00000000) refers (Special) to libinit2.o(.ARM.Collect$$libinit$$00000015) for __rt_lib_init_lc_monetary_1
    libinit.o(.ARM.Collect$$libinit$$00000000) refers (Special) to libinit2.o(.ARM.Collect$$libinit$$00000017) for __rt_lib_init_lc_numeric_1
    libinit.o(.ARM.Collect$$libinit$$00000000) refers (Special) to libinit2.o(.ARM.Collect$$libinit$$00000019) for __rt_lib_init_lc_time_1
    libinit.o(.ARM.Collect$$libinit$$00000000) refers (Special) to libinit2.o(.ARM.Collect$$libinit$$00000004) for __rt_lib_init_preinit_1
    libinit.o(.ARM.Collect$$libinit$$00000000) refers (Special) to libinit2.o(.ARM.Collect$$libinit$$0000000E) for __rt_lib_init_rand_1
    libinit.o(.ARM.Collect$$libinit$$00000000) refers (Special) to libinit2.o(.ARM.Collect$$libinit$$00000033) for __rt_lib_init_return
    libinit.o(.ARM.Collect$$libinit$$00000000) refers (Special) to libinit2.o(.ARM.Collect$$libinit$$0000001D) for __rt_lib_init_signal_1
    libinit.o(.ARM.Collect$$libinit$$00000000) refers (Special) to libinit2.o(.ARM.Collect$$libinit$$00000025) for __rt_lib_init_stdio_1
    libinit.o(.ARM.Collect$$libinit$$00000000) refers (Special) to libinit2.o(.ARM.Collect$$libinit$$0000000C) for __rt_lib_init_user_alloc_1
    libspace.o(.text) refers to libspace.o(.bss) for __libspace_start
    rtexit.o(.ARM.Collect$$rtexit$$00000000) refers (Special) to rtexit2.o(.ARM.Collect$$rtexit$$00000004) for __rt_exit_exit
    rtexit.o(.ARM.Collect$$rtexit$$00000000) refers (Special) to rtexit2.o(.ARM.Collect$$rtexit$$00000003) for __rt_exit_ls
    rtexit.o(.ARM.Collect$$rtexit$$00000000) refers (Special) to rtexit2.o(.ARM.Collect$$rtexit$$00000002) for __rt_exit_prels_1
    rtexit.o(.ARM.exidx) refers (Special) to rtexit2.o(.ARM.Collect$$rtexit$$00000004) for __rt_exit_exit
    rtexit.o(.ARM.exidx) refers (Special) to rtexit2.o(.ARM.Collect$$rtexit$$00000003) for __rt_exit_ls
    rtexit.o(.ARM.exidx) refers (Special) to rtexit2.o(.ARM.Collect$$rtexit$$00000002) for __rt_exit_prels_1
    rtexit.o(.ARM.exidx) refers to rtexit.o(.ARM.Collect$$rtexit$$00000000) for .ARM.Collect$$rtexit$$00000000
    libinit2.o(.ARM.Collect$$libinit$$00000010) refers to libinit2.o(.ARM.Collect$$libinit$$0000000F) for .ARM.Collect$$libinit$$0000000F
    libinit2.o(.ARM.Collect$$libinit$$00000012) refers to libinit2.o(.ARM.Collect$$libinit$$0000000F) for .ARM.Collect$$libinit$$0000000F
    libinit2.o(.ARM.Collect$$libinit$$00000014) refers to libinit2.o(.ARM.Collect$$libinit$$0000000F) for .ARM.Collect$$libinit$$0000000F
    libinit2.o(.ARM.Collect$$libinit$$00000016) refers to libinit2.o(.ARM.Collect$$libinit$$0000000F) for .ARM.Collect$$libinit$$0000000F
    libinit2.o(.ARM.Collect$$libinit$$00000018) refers to libinit2.o(.ARM.Collect$$libinit$$0000000F) for .ARM.Collect$$libinit$$0000000F
    libinit2.o(.ARM.Collect$$libinit$$00000026) refers to argv_veneer.o(.emb_text) for __ARM_argv_veneer
    libinit2.o(.ARM.Collect$$libinit$$00000027) refers to argv_veneer.o(.emb_text) for __ARM_argv_veneer
    rtexit2.o(.ARM.Collect$$rtexit$$00000003) refers to libshutdown.o(.ARM.Collect$$libshutdown$$00000000) for __rt_lib_shutdown
    rtexit2.o(.ARM.Collect$$rtexit$$00000004) refers to sys_exit.o(.text) for _sys_exit
    rtexit2.o(.ARM.exidx) refers to rtexit2.o(.ARM.Collect$$rtexit$$00000001) for .ARM.Collect$$rtexit$$00000001
    rtexit2.o(.ARM.exidx) refers to rtexit2.o(.ARM.Collect$$rtexit$$00000003) for .ARM.Collect$$rtexit$$00000003
    rtexit2.o(.ARM.exidx) refers to rtexit2.o(.ARM.Collect$$rtexit$$00000004) for .ARM.Collect$$rtexit$$00000004
    argv_veneer.o(.emb_text) refers to no_argv.o(.text) for __ARM_get_argv
    sys_exit.o(.text) refers (Special) to use_no_semi.o(.text) for __I$use$semihosting
    sys_exit.o(.text) refers (Special) to indicate_semi.o(.text) for __semihosting_library_function
    _get_argv_nomalloc.o(.text) refers (Special) to hrguard.o(.text) for __heap_region$guard
    _get_argv_nomalloc.o(.text) refers to defsig_rtmem_outer.o(.text) for __rt_SIGRTMEM
    _get_argv_nomalloc.o(.text) refers to sys_command.o(.text) for _sys_command_string
    libshutdown.o(.ARM.Collect$$libshutdown$$00000000) refers (Special) to libshutdown2.o(.ARM.Collect$$libshutdown$$00000004) for __rt_lib_shutdown_cpp_1
    libshutdown.o(.ARM.Collect$$libshutdown$$00000000) refers (Special) to libshutdown2.o(.ARM.Collect$$libshutdown$$00000002) for __rt_lib_shutdown_fini_1
    libshutdown.o(.ARM.Collect$$libshutdown$$00000000) refers (Special) to libshutdown2.o(.ARM.Collect$$libshutdown$$00000009) for __rt_lib_shutdown_fp_trap_1
    libshutdown.o(.ARM.Collect$$libshutdown$$00000000) refers (Special) to libshutdown2.o(.ARM.Collect$$libshutdown$$00000011) for __rt_lib_shutdown_heap_1
    libshutdown.o(.ARM.Collect$$libshutdown$$00000000) refers (Special) to libshutdown2.o(.ARM.Collect$$libshutdown$$00000012) for __rt_lib_shutdown_return
    libshutdown.o(.ARM.Collect$$libshutdown$$00000000) refers (Special) to libshutdown2.o(.ARM.Collect$$libshutdown$$0000000C) for __rt_lib_shutdown_signal_1
    libshutdown.o(.ARM.Collect$$libshutdown$$00000000) refers (Special) to libshutdown2.o(.ARM.Collect$$libshutdown$$00000006) for __rt_lib_shutdown_stdio_1
    libshutdown.o(.ARM.Collect$$libshutdown$$00000000) refers (Special) to libshutdown2.o(.ARM.Collect$$libshutdown$$0000000E) for __rt_lib_shutdown_user_alloc_1
    sys_command.o(.text) refers (Special) to use_no_semi.o(.text) for __I$use$semihosting
    sys_command.o(.text) refers (Special) to indicate_semi.o(.text) for __semihosting_library_function
    defsig_rtmem_outer.o(.text) refers to defsig_rtmem_inner.o(.text) for __rt_SIGRTMEM_inner
    defsig_rtmem_outer.o(.text) refers to defsig_exit.o(.text) for __sig_exit
    defsig_rtmem_formal.o(.text) refers to rt_raise.o(.text) for __rt_raise
    rt_raise.o(.text) refers to __raise.o(.text) for __raise
    rt_raise.o(.text) refers to sys_exit.o(.text) for _sys_exit
    defsig_exit.o(.text) refers to sys_exit.o(.text) for _sys_exit
    defsig_rtmem_inner.o(.text) refers to defsig_general.o(.text) for __default_signal_display
    __raise.o(.text) refers to defsig.o(CL$$defsig) for __default_signal_handler
    defsig_general.o(.text) refers to sys_wrch.o(.text) for _ttywrch
    sys_wrch.o(.text) refers (Special) to use_no_semi.o(.text) for __I$use$semihosting
    sys_wrch.o(.text) refers (Special) to indicate_semi.o(.text) for __semihosting_library_function
    defsig.o(CL$$defsig) refers to defsig_rtmem_inner.o(.text) for __rt_SIGRTMEM_inner
    defsig_abrt_inner.o(.text) refers to defsig_general.o(.text) for __default_signal_display
    defsig_fpe_inner.o(.text) refers to defsig_general.o(.text) for __default_signal_display
    defsig_rtred_inner.o(.text) refers to defsig_general.o(.text) for __default_signal_display
    defsig_stak_inner.o(.text) refers to defsig_general.o(.text) for __default_signal_display
    defsig_pvfn_inner.o(.text) refers to defsig_general.o(.text) for __default_signal_display
    defsig_cppl_inner.o(.text) refers to defsig_general.o(.text) for __default_signal_display
    defsig_segv_inner.o(.text) refers to defsig_general.o(.text) for __default_signal_display
    defsig_other.o(.text) refers to defsig_general.o(.text) for __default_signal_display


==============================================================================

Removing Unused input sections from the image.

    Removing system_stm32l1xx.o(.rev16_text), (4 bytes).
    Removing system_stm32l1xx.o(.revsh_text), (4 bytes).
    Removing system_stm32l1xx.o(.rrx_text), (6 bytes).
    Removing system_stm32l1xx.o(i.SystemCoreClockUpdate), (220 bytes).
    Removing system_stm32l1xx.o(.constdata), (33 bytes).
    Removing main.o(.rev16_text), (4 bytes).
    Removing main.o(.revsh_text), (4 bytes).
    Removing main.o(.rrx_text), (6 bytes).
    Removing stm32l1xx_ll_lcd.o(.rev16_text), (4 bytes).
    Removing stm32l1xx_ll_lcd.o(.revsh_text), (4 bytes).
    Removing stm32l1xx_ll_lcd.o(.rrx_text), (6 bytes).
    Removing stm32l1xx_ll_lcd.o(i.LCD_WaitForSynchro), (24 bytes).
    Removing stm32l1xx_ll_lcd.o(i.LL_LCD_Clear), (52 bytes).
    Removing stm32l1xx_ll_lcd.o(i.LL_LCD_DeInit), (44 bytes).
    Removing stm32l1xx_ll_lcd.o(i.LL_LCD_Init), (180 bytes).
    Removing stm32l1xx_ll_lcd.o(i.LL_LCD_MspDeInit), (2 bytes).
    Removing stm32l1xx_ll_lcd.o(i.LL_LCD_MspInit), (2 bytes).
    Removing stm32l1xx_ll_lcd.o(i.LL_LCD_UpdateDisplayRequest), (44 bytes).
    Removing stm32l1xx_ll_lcd.o(i.LL_LCD_Write), (48 bytes).
    Removing stm32l152_glass_lcd.o(.rev16_text), (4 bytes).
    Removing stm32l152_glass_lcd.o(.revsh_text), (4 bytes).
    Removing stm32l152_glass_lcd.o(.rrx_text), (6 bytes).
    Removing stm32l152_glass_lcd.o(i.Convert), (208 bytes).
    Removing stm32l152_glass_lcd.o(i.LCD_GLASS_BarLevelConfig), (200 bytes).
    Removing stm32l152_glass_lcd.o(i.LCD_GLASS_BlinkConfig), (40 bytes).
    Removing stm32l152_glass_lcd.o(i.LCD_GLASS_Clear), (8 bytes).
    Removing stm32l152_glass_lcd.o(i.LCD_GLASS_ClearBar), (108 bytes).
    Removing stm32l152_glass_lcd.o(i.LCD_GLASS_Contrast), (32 bytes).
    Removing stm32l152_glass_lcd.o(i.LCD_GLASS_DisplayBar), (108 bytes).
    Removing stm32l152_glass_lcd.o(i.LCD_GLASS_DisplayChar), (1480 bytes).
    Removing stm32l152_glass_lcd.o(i.LCD_GLASS_DisplayStrDeci), (112 bytes).
    Removing stm32l152_glass_lcd.o(i.LCD_GLASS_DisplayString), (58 bytes).
    Removing stm32l152_glass_lcd.o(i.LCD_GLASS_Init), (76 bytes).
    Removing stm32l152_glass_lcd.o(i.LCD_GLASS_ScrollSentence), (208 bytes).
    Removing stm32l152_glass_lcd.o(i.LCD_GLASS_WriteChar), (28 bytes).
    Removing stm32l152_glass_lcd.o(i.LCD_MspInit), (248 bytes).
    Removing stm32l152_glass_lcd.o(i.LL_AHB1_GRP1_EnableClock), (28 bytes).
    Removing stm32l152_glass_lcd.o(i.LL_APB1_GRP1_EnableClock), (28 bytes).
    Removing stm32l152_glass_lcd.o(i.LL_RCC_LSE_IsReady), (16 bytes).
    Removing stm32l152_glass_lcd.o(.bss), (64 bytes).
    Removing stm32l152_glass_lcd.o(.constdata), (72 bytes).
    Removing stm32l152_glass_lcd.o(.data), (2 bytes).
    Removing stm32l1xx_ll_pwr.o(.rev16_text), (4 bytes).
    Removing stm32l1xx_ll_pwr.o(.revsh_text), (4 bytes).
    Removing stm32l1xx_ll_pwr.o(.rrx_text), (6 bytes).
    Removing stm32l1xx_ll_pwr.o(i.LL_PWR_DeInit), (36 bytes).
    Removing stm32l1xx_ll_rcc.o(.rev16_text), (4 bytes).
    Removing stm32l1xx_ll_rcc.o(.revsh_text), (4 bytes).
    Removing stm32l1xx_ll_rcc.o(.rrx_text), (6 bytes).
    Removing stm32l1xx_ll_rcc.o(i.LL_RCC_DeInit), (192 bytes).
    Removing stm32l1xx_ll_rcc.o(i.LL_RCC_GetSystemClocksFreq), (36 bytes).
    Removing stm32l1xx_ll_rcc.o(i.RCC_GetHCLKClockFreq), (32 bytes).
    Removing stm32l1xx_ll_rcc.o(i.RCC_GetPCLK1ClockFreq), (36 bytes).
    Removing stm32l1xx_ll_rcc.o(i.RCC_GetPCLK2ClockFreq), (36 bytes).
    Removing stm32l1xx_ll_rcc.o(i.RCC_GetSystemClockFreq), (136 bytes).
    Removing stm32l1xx_ll_rcc.o(i.RCC_PLL_GetFreqDomain_SYS), (120 bytes).
    Removing stm32l1xx_ll_utils.o(.rev16_text), (4 bytes).
    Removing stm32l1xx_ll_utils.o(.revsh_text), (4 bytes).
    Removing stm32l1xx_ll_utils.o(.rrx_text), (6 bytes).
    Removing stm32l1xx_ll_utils.o(i.LL_PLL_ConfigSystemClock_HSE), (152 bytes).
    Removing stm32l1xx_ll_utils.o(i.LL_PLL_ConfigSystemClock_HSI), (104 bytes).
    Removing stm32l1xx_ll_utils.o(i.LL_RCC_HSE_IsReady), (16 bytes).
    Removing stm32l1xx_ll_utils.o(i.LL_RCC_HSI_IsReady), (16 bytes).
    Removing stm32l1xx_ll_utils.o(i.LL_RCC_PLL_ConfigDomain_SYS), (28 bytes).
    Removing stm32l1xx_ll_utils.o(i.LL_RCC_PLL_IsReady), (16 bytes).
    Removing stm32l1xx_ll_utils.o(i.UTILS_EnablePLLAndSwitchSystem), (212 bytes).
    Removing stm32l1xx_ll_utils.o(i.UTILS_GetPLLOutputFrequency), (60 bytes).
    Removing stm32l1xx_ll_utils.o(i.UTILS_PLL_IsBusy), (16 bytes).
    Removing stm32l1xx_ll_utils.o(i.UTILS_SetFlashLatency), (152 bytes).
    Removing stm32l1xx_ll_gpio.o(.rev16_text), (4 bytes).
    Removing stm32l1xx_ll_gpio.o(.revsh_text), (4 bytes).
    Removing stm32l1xx_ll_gpio.o(.rrx_text), (6 bytes).
    Removing stm32l1xx_ll_gpio.o(i.LL_AHB1_GRP1_ForceReset), (16 bytes).
    Removing stm32l1xx_ll_gpio.o(i.LL_AHB1_GRP1_ReleaseReset), (16 bytes).
    Removing stm32l1xx_ll_gpio.o(i.LL_GPIO_DeInit), (156 bytes).
    Removing stm32l1xx_ll_gpio.o(i.LL_GPIO_StructInit), (22 bytes).
    Removing stm32l1xx_ll_tim.o(.rev16_text), (4 bytes).
    Removing stm32l1xx_ll_tim.o(.revsh_text), (4 bytes).
    Removing stm32l1xx_ll_tim.o(.rrx_text), (6 bytes).
    Removing stm32l1xx_ll_tim.o(i.IC1Config), (52 bytes).
    Removing stm32l1xx_ll_tim.o(i.IC2Config), (56 bytes).
    Removing stm32l1xx_ll_tim.o(i.IC3Config), (58 bytes).
    Removing stm32l1xx_ll_tim.o(i.IC4Config), (58 bytes).
    Removing stm32l1xx_ll_tim.o(i.LL_APB1_GRP1_ForceReset), (16 bytes).
    Removing stm32l1xx_ll_tim.o(i.LL_APB1_GRP1_ReleaseReset), (16 bytes).
    Removing stm32l1xx_ll_tim.o(i.LL_APB2_GRP1_ForceReset), (16 bytes).
    Removing stm32l1xx_ll_tim.o(i.LL_APB2_GRP1_ReleaseReset), (16 bytes).
    Removing stm32l1xx_ll_tim.o(i.LL_TIM_DeInit), (200 bytes).
    Removing stm32l1xx_ll_tim.o(i.LL_TIM_ENCODER_Init), (104 bytes).
    Removing stm32l1xx_ll_tim.o(i.LL_TIM_ENCODER_StructInit), (36 bytes).
    Removing stm32l1xx_ll_tim.o(i.LL_TIM_IC_Init), (92 bytes).
    Removing stm32l1xx_ll_tim.o(i.LL_TIM_IC_StructInit), (18 bytes).
    Removing stm32l1xx_ll_tim.o(i.LL_TIM_OC_StructInit), (12 bytes).
    Removing stm32l1xx_ll_tim.o(i.LL_TIM_StructInit), (16 bytes).
    Removing stm32l1xx_ll_tim.o(.constdata), (28 bytes).
    Removing stm32l1xx_ll_exti.o(.rev16_text), (4 bytes).
    Removing stm32l1xx_ll_exti.o(.revsh_text), (4 bytes).
    Removing stm32l1xx_ll_exti.o(.rrx_text), (6 bytes).
    Removing stm32l1xx_ll_exti.o(i.LL_EXTI_DeInit), (40 bytes).
    Removing stm32l1xx_ll_exti.o(i.LL_EXTI_StructInit), (14 bytes).
    Removing stm32l1xx_ll_i2c.o(.rev16_text), (4 bytes).
    Removing stm32l1xx_ll_i2c.o(.revsh_text), (4 bytes).
    Removing stm32l1xx_ll_i2c.o(.rrx_text), (6 bytes).
    Removing stm32l1xx_ll_i2c.o(i.LL_APB1_GRP1_ForceReset), (16 bytes).
    Removing stm32l1xx_ll_i2c.o(i.LL_APB1_GRP1_ReleaseReset), (16 bytes).
    Removing stm32l1xx_ll_i2c.o(i.LL_I2C_ConfigSpeed), (188 bytes).
    Removing stm32l1xx_ll_i2c.o(i.LL_I2C_DeInit), (64 bytes).
    Removing stm32l1xx_ll_i2c.o(i.LL_I2C_Init), (104 bytes).
    Removing stm32l1xx_ll_i2c.o(i.LL_I2C_StructInit), (26 bytes).

109 unused section(s) (total 6795 bytes) removed from the image.

==============================================================================

Image Symbol Table

    Local Symbols

    Symbol Name                              Value     Ov Type        Size  Object(Section)

    ../clib/angel/boardlib.s                 0x00000000   Number         0  boardinit3.o ABSOLUTE
    ../clib/angel/boardlib.s                 0x00000000   Number         0  boardinit2.o ABSOLUTE
    ../clib/angel/boardlib.s                 0x00000000   Number         0  boardinit1.o ABSOLUTE
    ../clib/angel/boardlib.s                 0x00000000   Number         0  boardshut.o ABSOLUTE
    ../clib/angel/handlers.s                 0x00000000   Number         0  __scatter_copy.o ABSOLUTE
    ../clib/angel/handlers.s                 0x00000000   Number         0  __scatter_zi.o ABSOLUTE
    ../clib/angel/kernel.s                   0x00000000   Number         0  rtexit.o ABSOLUTE
    ../clib/angel/kernel.s                   0x00000000   Number         0  rtexit2.o ABSOLUTE
    ../clib/angel/kernel.s                   0x00000000   Number         0  __rtentry2.o ABSOLUTE
    ../clib/angel/kernel.s                   0x00000000   Number         0  __rtentry.o ABSOLUTE
    ../clib/angel/kernel.s                   0x00000000   Number         0  __rtentry4.o ABSOLUTE
    ../clib/angel/rt.s                       0x00000000   Number         0  rt_raise.o ABSOLUTE
    ../clib/angel/scatter.s                  0x00000000   Number         0  __scatter.o ABSOLUTE
    ../clib/angel/startup.s                  0x00000000   Number         0  __main.o ABSOLUTE
    ../clib/angel/sys.s                      0x00000000   Number         0  use_no_semi.o ABSOLUTE
    ../clib/angel/sys.s                      0x00000000   Number         0  libspace.o ABSOLUTE
    ../clib/angel/sys.s                      0x00000000   Number         0  sys_stackheap_outer.o ABSOLUTE
    ../clib/angel/sys.s                      0x00000000   Number         0  indicate_semi.o ABSOLUTE
    ../clib/angel/sysapp.c                   0x00000000   Number         0  sys_command.o ABSOLUTE
    ../clib/angel/sysapp.c                   0x00000000   Number         0  sys_wrch.o ABSOLUTE
    ../clib/angel/sysapp.c                   0x00000000   Number         0  sys_exit.o ABSOLUTE
    ../clib/armsys.c                         0x00000000   Number         0  argv_veneer.o ABSOLUTE
    ../clib/armsys.c                         0x00000000   Number         0  no_argv.o ABSOLUTE
    ../clib/armsys.c                         0x00000000   Number         0  argv_veneer.o ABSOLUTE
    ../clib/armsys.c                         0x00000000   Number         0  _get_argv_nomalloc.o ABSOLUTE
    ../clib/heapalloc.c                      0x00000000   Number         0  hrguard.o ABSOLUTE
    ../clib/heapaux.c                        0x00000000   Number         0  heapauxi.o ABSOLUTE
    ../clib/libinit.s                        0x00000000   Number         0  libinit.o ABSOLUTE
    ../clib/libinit.s                        0x00000000   Number         0  libshutdown2.o ABSOLUTE
    ../clib/libinit.s                        0x00000000   Number         0  libshutdown.o ABSOLUTE
    ../clib/libinit.s                        0x00000000   Number         0  libinit2.o ABSOLUTE
    ../clib/memcpset.s                       0x00000000   Number         0  rt_memclr_w.o ABSOLUTE
    ../clib/memcpset.s                       0x00000000   Number         0  rt_memcpy_w.o ABSOLUTE
    ../clib/signal.c                         0x00000000   Number         0  defsig_rtmem_formal.o ABSOLUTE
    ../clib/signal.c                         0x00000000   Number         0  defsig_exit.o ABSOLUTE
    ../clib/signal.c                         0x00000000   Number         0  defsig_rtmem_outer.o ABSOLUTE
    ../clib/signal.c                         0x00000000   Number         0  defsig_stak_inner.o ABSOLUTE
    ../clib/signal.c                         0x00000000   Number         0  defsig_rtmem_inner.o ABSOLUTE
    ../clib/signal.c                         0x00000000   Number         0  defsig_pvfn_inner.o ABSOLUTE
    ../clib/signal.c                         0x00000000   Number         0  __raise.o ABSOLUTE
    ../clib/signal.c                         0x00000000   Number         0  defsig_general.o ABSOLUTE
    ../clib/signal.c                         0x00000000   Number         0  defsig_abrt_inner.o ABSOLUTE
    ../clib/signal.c                         0x00000000   Number         0  defsig_cppl_inner.o ABSOLUTE
    ../clib/signal.c                         0x00000000   Number         0  defsig_segv_inner.o ABSOLUTE
    ../clib/signal.c                         0x00000000   Number         0  defsig_other.o ABSOLUTE
    ../clib/signal.c                         0x00000000   Number         0  defsig_fpe_inner.o ABSOLUTE
    ../clib/signal.c                         0x00000000   Number         0  defsig_rtred_inner.o ABSOLUTE
    ../clib/signal.s                         0x00000000   Number         0  defsig.o ABSOLUTE
    ../clib/stdlib.c                         0x00000000   Number         0  exit.o ABSOLUTE
    ../fplib/fpinit.s                        0x00000000   Number         0  fpinit.o ABSOLUTE
    ..\..\Drivers\CMSIS\Device\ST\STM32L1xx\Source\Templates\arm\startup_stm32l152xb.s 0x00000000   Number         0  startup_stm32l152xb.o ABSOLUTE
    ..\..\Drivers\CMSIS\Device\ST\STM32L1xx\Source\Templates\system_stm32l1xx.c 0x00000000   Number         0  system_stm32l1xx.o ABSOLUTE
    ..\..\Drivers\STM32L1xx_HAL_Driver\Src\stm32l1xx_ll_exti.c 0x00000000   Number         0  stm32l1xx_ll_exti.o ABSOLUTE
    ..\..\Drivers\STM32L1xx_HAL_Driver\Src\stm32l1xx_ll_gpio.c 0x00000000   Number         0  stm32l1xx_ll_gpio.o ABSOLUTE
    ..\..\Drivers\STM32L1xx_HAL_Driver\Src\stm32l1xx_ll_i2c.c 0x00000000   Number         0  stm32l1xx_ll_i2c.o ABSOLUTE
    ..\..\Drivers\STM32L1xx_HAL_Driver\Src\stm32l1xx_ll_pwr.c 0x00000000   Number         0  stm32l1xx_ll_pwr.o ABSOLUTE
    ..\..\Drivers\STM32L1xx_HAL_Driver\Src\stm32l1xx_ll_rcc.c 0x00000000   Number         0  stm32l1xx_ll_rcc.o ABSOLUTE
    ..\..\Drivers\STM32L1xx_HAL_Driver\Src\stm32l1xx_ll_tim.c 0x00000000   Number         0  stm32l1xx_ll_tim.o ABSOLUTE
    ..\..\Drivers\STM32L1xx_HAL_Driver\Src\stm32l1xx_ll_utils.c 0x00000000   Number         0  stm32l1xx_ll_utils.o ABSOLUTE
    ..\\..\\Drivers\\CMSIS\\Device\\ST\\STM32L1xx\\Source\\Templates\\system_stm32l1xx.c 0x00000000   Number         0  system_stm32l1xx.o ABSOLUTE
    ..\\..\\Drivers\\STM32L1xx_HAL_Driver\\Src\\stm32l1xx_ll_exti.c 0x00000000   Number         0  stm32l1xx_ll_exti.o ABSOLUTE
    ..\\..\\Drivers\\STM32L1xx_HAL_Driver\\Src\\stm32l1xx_ll_gpio.c 0x00000000   Number         0  stm32l1xx_ll_gpio.o ABSOLUTE
    ..\\..\\Drivers\\STM32L1xx_HAL_Driver\\Src\\stm32l1xx_ll_i2c.c 0x00000000   Number         0  stm32l1xx_ll_i2c.o ABSOLUTE
    ..\\..\\Drivers\\STM32L1xx_HAL_Driver\\Src\\stm32l1xx_ll_pwr.c 0x00000000   Number         0  stm32l1xx_ll_pwr.o ABSOLUTE
    ..\\..\\Drivers\\STM32L1xx_HAL_Driver\\Src\\stm32l1xx_ll_rcc.c 0x00000000   Number         0  stm32l1xx_ll_rcc.o ABSOLUTE
    ..\\..\\Drivers\\STM32L1xx_HAL_Driver\\Src\\stm32l1xx_ll_tim.c 0x00000000   Number         0  stm32l1xx_ll_tim.o ABSOLUTE
    ..\\..\\Drivers\\STM32L1xx_HAL_Driver\\Src\\stm32l1xx_ll_utils.c 0x00000000   Number         0  stm32l1xx_ll_utils.o ABSOLUTE
    ..\\src\\main.c                          0x00000000   Number         0  main.o ABSOLUTE
    ..\\src\\stm32l152_glass_lcd.c           0x00000000   Number         0  stm32l152_glass_lcd.o ABSOLUTE
    ..\\src\\stm32l1xx_ll_lcd.c              0x00000000   Number         0  stm32l1xx_ll_lcd.o ABSOLUTE
    ..\src\main.c                            0x00000000   Number         0  main.o ABSOLUTE
    ..\src\stm32l152_glass_lcd.c             0x00000000   Number         0  stm32l152_glass_lcd.o ABSOLUTE
    ..\src\stm32l1xx_ll_lcd.c                0x00000000   Number         0  stm32l1xx_ll_lcd.o ABSOLUTE
    dc.s                                     0x00000000   Number         0  dc.o ABSOLUTE
    RESET                                    0x08000000   Section      244  startup_stm32l152xb.o(RESET)
    !!!main                                  0x080000f4   Section        8  __main.o(!!!main)
    !!!scatter                               0x080000fc   Section       52  __scatter.o(!!!scatter)
    !!handler_copy                           0x08000130   Section       26  __scatter_copy.o(!!handler_copy)
    !!handler_zi                             0x0800014c   Section       28  __scatter_zi.o(!!handler_zi)
    .ARM.Collect$$libinit$$00000000          0x08000168   Section        2  libinit.o(.ARM.Collect$$libinit$$00000000)
    .ARM.Collect$$libinit$$00000002          0x0800016a   Section        0  libinit2.o(.ARM.Collect$$libinit$$00000002)
    .ARM.Collect$$libinit$$00000004          0x0800016a   Section        0  libinit2.o(.ARM.Collect$$libinit$$00000004)
    .ARM.Collect$$libinit$$0000000A          0x0800016a   Section        0  libinit2.o(.ARM.Collect$$libinit$$0000000A)
    .ARM.Collect$$libinit$$0000000C          0x0800016a   Section        0  libinit2.o(.ARM.Collect$$libinit$$0000000C)
    .ARM.Collect$$libinit$$0000000E          0x0800016a   Section        0  libinit2.o(.ARM.Collect$$libinit$$0000000E)
    .ARM.Collect$$libinit$$00000011          0x0800016a   Section        0  libinit2.o(.ARM.Collect$$libinit$$00000011)
    .ARM.Collect$$libinit$$00000013          0x0800016a   Section        0  libinit2.o(.ARM.Collect$$libinit$$00000013)
    .ARM.Collect$$libinit$$00000015          0x0800016a   Section        0  libinit2.o(.ARM.Collect$$libinit$$00000015)
    .ARM.Collect$$libinit$$00000017          0x0800016a   Section        0  libinit2.o(.ARM.Collect$$libinit$$00000017)
    .ARM.Collect$$libinit$$00000019          0x0800016a   Section        0  libinit2.o(.ARM.Collect$$libinit$$00000019)
    .ARM.Collect$$libinit$$0000001B          0x0800016a   Section        0  libinit2.o(.ARM.Collect$$libinit$$0000001B)
    .ARM.Collect$$libinit$$0000001D          0x0800016a   Section        0  libinit2.o(.ARM.Collect$$libinit$$0000001D)
    .ARM.Collect$$libinit$$0000001F          0x0800016a   Section        0  libinit2.o(.ARM.Collect$$libinit$$0000001F)
    .ARM.Collect$$libinit$$00000021          0x0800016a   Section        0  libinit2.o(.ARM.Collect$$libinit$$00000021)
    .ARM.Collect$$libinit$$00000023          0x0800016a   Section        0  libinit2.o(.ARM.Collect$$libinit$$00000023)
    .ARM.Collect$$libinit$$00000025          0x0800016a   Section        0  libinit2.o(.ARM.Collect$$libinit$$00000025)
    .ARM.Collect$$libinit$$0000002C          0x0800016a   Section        0  libinit2.o(.ARM.Collect$$libinit$$0000002C)
    .ARM.Collect$$libinit$$0000002E          0x0800016a   Section        0  libinit2.o(.ARM.Collect$$libinit$$0000002E)
    .ARM.Collect$$libinit$$00000030          0x0800016a   Section        0  libinit2.o(.ARM.Collect$$libinit$$00000030)
    .ARM.Collect$$libinit$$00000032          0x0800016a   Section        0  libinit2.o(.ARM.Collect$$libinit$$00000032)
    .ARM.Collect$$libinit$$00000033          0x0800016a   Section        2  libinit2.o(.ARM.Collect$$libinit$$00000033)
    .ARM.Collect$$libshutdown$$00000000      0x0800016c   Section        2  libshutdown.o(.ARM.Collect$$libshutdown$$00000000)
    .ARM.Collect$$libshutdown$$00000002      0x0800016e   Section        0  libshutdown2.o(.ARM.Collect$$libshutdown$$00000002)
    .ARM.Collect$$libshutdown$$00000004      0x0800016e   Section        0  libshutdown2.o(.ARM.Collect$$libshutdown$$00000004)
    .ARM.Collect$$libshutdown$$00000006      0x0800016e   Section        0  libshutdown2.o(.ARM.Collect$$libshutdown$$00000006)
    .ARM.Collect$$libshutdown$$00000009      0x0800016e   Section        0  libshutdown2.o(.ARM.Collect$$libshutdown$$00000009)
    .ARM.Collect$$libshutdown$$0000000C      0x0800016e   Section        0  libshutdown2.o(.ARM.Collect$$libshutdown$$0000000C)
    .ARM.Collect$$libshutdown$$0000000E      0x0800016e   Section        0  libshutdown2.o(.ARM.Collect$$libshutdown$$0000000E)
    .ARM.Collect$$libshutdown$$00000011      0x0800016e   Section        0  libshutdown2.o(.ARM.Collect$$libshutdown$$00000011)
    .ARM.Collect$$libshutdown$$00000012      0x0800016e   Section        2  libshutdown2.o(.ARM.Collect$$libshutdown$$00000012)
    .ARM.Collect$$rtentry$$00000000          0x08000170   Section        0  __rtentry.o(.ARM.Collect$$rtentry$$00000000)
    .ARM.Collect$$rtentry$$00000002          0x08000170   Section        0  __rtentry2.o(.ARM.Collect$$rtentry$$00000002)
    .ARM.Collect$$rtentry$$00000004          0x08000170   Section        6  __rtentry4.o(.ARM.Collect$$rtentry$$00000004)
    .ARM.Collect$$rtentry$$00000009          0x08000176   Section        0  __rtentry2.o(.ARM.Collect$$rtentry$$00000009)
    .ARM.Collect$$rtentry$$0000000A          0x08000176   Section        4  __rtentry2.o(.ARM.Collect$$rtentry$$0000000A)
    .ARM.Collect$$rtentry$$0000000C          0x0800017a   Section        0  __rtentry2.o(.ARM.Collect$$rtentry$$0000000C)
    .ARM.Collect$$rtentry$$0000000D          0x0800017a   Section        8  __rtentry2.o(.ARM.Collect$$rtentry$$0000000D)
    .ARM.Collect$$rtexit$$00000000           0x08000182   Section        2  rtexit.o(.ARM.Collect$$rtexit$$00000000)
    .ARM.Collect$$rtexit$$00000002           0x08000184   Section        0  rtexit2.o(.ARM.Collect$$rtexit$$00000002)
    .ARM.Collect$$rtexit$$00000003           0x08000184   Section        4  rtexit2.o(.ARM.Collect$$rtexit$$00000003)
    .ARM.Collect$$rtexit$$00000004           0x08000188   Section        6  rtexit2.o(.ARM.Collect$$rtexit$$00000004)
    .text                                    0x08000190   Section       64  startup_stm32l152xb.o(.text)
    .text                                    0x080001d0   Section      100  rt_memcpy_w.o(.text)
    .text                                    0x08000234   Section        0  heapauxi.o(.text)
    .text                                    0x0800023a   Section       74  sys_stackheap_outer.o(.text)
    .text                                    0x08000284   Section        0  exit.o(.text)
    .text                                    0x08000298   Section        8  libspace.o(.text)
    .text                                    0x080002a0   Section        0  sys_exit.o(.text)
    .text                                    0x080002ac   Section        2  use_no_semi.o(.text)
    .text                                    0x080002ae   Section        0  indicate_semi.o(.text)
    i.DisplayNumber                          0x080002b0   Section        0  main.o(i.DisplayNumber)
    i.EXTI0_IRQHandler                       0x08000398   Section        0  main.o(i.EXTI0_IRQHandler)
    i.GPIO_Config                            0x080003c8   Section        0  main.o(i.GPIO_Config)
    i.LL_AHB1_GRP1_EnableClock               0x0800049c   Section        0  main.o(i.LL_AHB1_GRP1_EnableClock)
    LL_AHB1_GRP1_EnableClock                 0x0800049d   Thumb Code    24  main.o(i.LL_AHB1_GRP1_EnableClock)
    i.LL_APB1_GRP1_EnableClock               0x080004b8   Section        0  main.o(i.LL_APB1_GRP1_EnableClock)
    LL_APB1_GRP1_EnableClock                 0x080004b9   Thumb Code    24  main.o(i.LL_APB1_GRP1_EnableClock)
    i.LL_EXTI_DisableEvent_0_31              0x080004d4   Section        0  stm32l1xx_ll_exti.o(i.LL_EXTI_DisableEvent_0_31)
    LL_EXTI_DisableEvent_0_31                0x080004d5   Thumb Code    12  stm32l1xx_ll_exti.o(i.LL_EXTI_DisableEvent_0_31)
    i.LL_EXTI_DisableIT_0_31                 0x080004e4   Section        0  stm32l1xx_ll_exti.o(i.LL_EXTI_DisableIT_0_31)
    LL_EXTI_DisableIT_0_31                   0x080004e5   Thumb Code    12  stm32l1xx_ll_exti.o(i.LL_EXTI_DisableIT_0_31)
    i.LL_EXTI_EnableEvent_0_31               0x080004f4   Section        0  stm32l1xx_ll_exti.o(i.LL_EXTI_EnableEvent_0_31)
    LL_EXTI_EnableEvent_0_31                 0x080004f5   Thumb Code    12  stm32l1xx_ll_exti.o(i.LL_EXTI_EnableEvent_0_31)
    i.LL_EXTI_EnableFallingTrig_0_31         0x08000504   Section        0  stm32l1xx_ll_exti.o(i.LL_EXTI_EnableFallingTrig_0_31)
    LL_EXTI_EnableFallingTrig_0_31           0x08000505   Thumb Code    12  stm32l1xx_ll_exti.o(i.LL_EXTI_EnableFallingTrig_0_31)
    i.LL_EXTI_EnableIT_0_31                  0x08000514   Section        0  stm32l1xx_ll_exti.o(i.LL_EXTI_EnableIT_0_31)
    LL_EXTI_EnableIT_0_31                    0x08000515   Thumb Code    12  stm32l1xx_ll_exti.o(i.LL_EXTI_EnableIT_0_31)
    i.LL_EXTI_EnableRisingTrig_0_31          0x08000524   Section        0  stm32l1xx_ll_exti.o(i.LL_EXTI_EnableRisingTrig_0_31)
    LL_EXTI_EnableRisingTrig_0_31            0x08000525   Thumb Code    12  stm32l1xx_ll_exti.o(i.LL_EXTI_EnableRisingTrig_0_31)
    i.LL_EXTI_Init                           0x08000534   Section        0  stm32l1xx_ll_exti.o(i.LL_EXTI_Init)
    i.LL_GPIO_Init                           0x080005f0   Section        0  stm32l1xx_ll_gpio.o(i.LL_GPIO_Init)
    i.LL_GPIO_ResetOutputPin                 0x08000734   Section        0  main.o(i.LL_GPIO_ResetOutputPin)
    LL_GPIO_ResetOutputPin                   0x08000735   Thumb Code     6  main.o(i.LL_GPIO_ResetOutputPin)
    i.LL_GPIO_SetOutputPin                   0x0800073a   Section        0  main.o(i.LL_GPIO_SetOutputPin)
    LL_GPIO_SetOutputPin                     0x0800073b   Thumb Code     4  main.o(i.LL_GPIO_SetOutputPin)
    i.LL_Init1msTick                         0x0800073e   Section        0  stm32l1xx_ll_utils.o(i.LL_Init1msTick)
    i.LL_RCC_HSI_IsReady                     0x0800075c   Section        0  main.o(i.LL_RCC_HSI_IsReady)
    LL_RCC_HSI_IsReady                       0x0800075d   Thumb Code    10  main.o(i.LL_RCC_HSI_IsReady)
    i.LL_SetSystemCoreClock                  0x0800076c   Section        0  stm32l1xx_ll_utils.o(i.LL_SetSystemCoreClock)
    i.LL_TIM_EnableCounter                   0x08000778   Section        0  main.o(i.LL_TIM_EnableCounter)
    LL_TIM_EnableCounter                     0x08000779   Thumb Code    10  main.o(i.LL_TIM_EnableCounter)
    i.LL_TIM_Init                            0x08000784   Section        0  stm32l1xx_ll_tim.o(i.LL_TIM_Init)
    i.LL_TIM_OC_Init                         0x08000808   Section        0  stm32l1xx_ll_tim.o(i.LL_TIM_OC_Init)
    i.LL_mDelay                              0x08000864   Section        0  stm32l1xx_ll_utils.o(i.LL_mDelay)
    i.NVIC_EnableIRQ                         0x0800088c   Section        0  main.o(i.NVIC_EnableIRQ)
    NVIC_EnableIRQ                           0x0800088d   Thumb Code    22  main.o(i.NVIC_EnableIRQ)
    i.OC1Config                              0x080008a2   Section        0  stm32l1xx_ll_tim.o(i.OC1Config)
    OC1Config                                0x080008a3   Thumb Code    74  stm32l1xx_ll_tim.o(i.OC1Config)
    i.OC2Config                              0x080008ec   Section        0  stm32l1xx_ll_tim.o(i.OC2Config)
    OC2Config                                0x080008ed   Thumb Code    74  stm32l1xx_ll_tim.o(i.OC2Config)
    i.OC3Config                              0x08000936   Section        0  stm32l1xx_ll_tim.o(i.OC3Config)
    OC3Config                                0x08000937   Thumb Code    74  stm32l1xx_ll_tim.o(i.OC3Config)
    i.OC4Config                              0x08000980   Section        0  stm32l1xx_ll_tim.o(i.OC4Config)
    OC4Config                                0x08000981   Thumb Code    74  stm32l1xx_ll_tim.o(i.OC4Config)
    i.PA0_EXTI_Config                        0x080009cc   Section        0  main.o(i.PA0_EXTI_Config)
    i.SystemClock_Config                     0x08000a48   Section        0  main.o(i.SystemClock_Config)
    i.SystemInit                             0x08000b74   Section        0  system_stm32l1xx.o(i.SystemInit)
    i.TIM2_IRQHandler                        0x08000bd8   Section        0  main.o(i.TIM2_IRQHandler)
    i.TIM_Config                             0x08000c00   Section        0  main.o(i.TIM_Config)
    i.main                                   0x08000c94   Section        0  main.o(i.main)
    .constdata                               0x08000d10   Section      164  main.o(.constdata)
    OFFSET_TAB_CCMRx                         0x08000d10   Data           7  main.o(.constdata)
    SHIFT_TAB_OCxx                           0x08000d17   Data           7  main.o(.constdata)
    SHIFT_TAB_ICxx                           0x08000d1e   Data           7  main.o(.constdata)
    SHIFT_TAB_CCxP                           0x08000d25   Data           7  main.o(.constdata)
    .data                                    0x20000000   Section        4  system_stm32l1xx.o(.data)
    .data                                    0x20000004   Section        5  main.o(.data)
    .bss                                     0x2000000c   Section       96  libspace.o(.bss)
    HEAP                                     0x20000070   Section      512  startup_stm32l152xb.o(HEAP)
    Heap_Mem                                 0x20000070   Data         512  startup_stm32l152xb.o(HEAP)
    STACK                                    0x20000270   Section     1024  startup_stm32l152xb.o(STACK)
    Stack_Mem                                0x20000270   Data        1024  startup_stm32l152xb.o(STACK)
    __initial_sp                             0x20000670   Data           0  startup_stm32l152xb.o(STACK)

    Global Symbols

    Symbol Name                              Value     Ov Type        Size  Object(Section)

    BuildAttributes$$THM_ISAv4$P$D$K$B$S$PE$A:L22UL41UL21$X:L11$S22US41US21$IEEE1$IW$USESV6$~STKCKD$USESV7$~SHL$OSPACE$ROPI$EBA8$UX$STANDARDLIB$REQ8$PRES8$EABIv2 0x00000000   Number         0  anon$$obj.o ABSOLUTE
    __ARM_use_no_argv                        0x00000000   Number         0  main.o ABSOLUTE
    __ARM_exceptions_init                     - Undefined Weak Reference
    __alloca_initialize                       - Undefined Weak Reference
    __arm_fini_                               - Undefined Weak Reference
    __arm_preinit_                            - Undefined Weak Reference
    __cpp_initialize__aeabi_                  - Undefined Weak Reference
    __cxa_finalize                            - Undefined Weak Reference
    __rt_locale                               - Undefined Weak Reference
    __sigvec_lookup                           - Undefined Weak Reference
    _atexit_init                              - Undefined Weak Reference
    _call_atexit_fns                          - Undefined Weak Reference
    _clock_init                               - Undefined Weak Reference
    _fp_trap_init                             - Undefined Weak Reference
    _fp_trap_shutdown                         - Undefined Weak Reference
    _get_lc_collate                           - Undefined Weak Reference
    _get_lc_ctype                             - Undefined Weak Reference
    _get_lc_monetary                          - Undefined Weak Reference
    _get_lc_numeric                           - Undefined Weak Reference
    _get_lc_time                              - Undefined Weak Reference
    _getenv_init                              - Undefined Weak Reference
    _handle_redirection                       - Undefined Weak Reference
    _init_alloc                               - Undefined Weak Reference
    _init_user_alloc                          - Undefined Weak Reference
    _initio                                   - Undefined Weak Reference
    _rand_init                                - Undefined Weak Reference
    _signal_finish                            - Undefined Weak Reference
    _signal_init                              - Undefined Weak Reference
    _terminate_alloc                          - Undefined Weak Reference
    _terminate_user_alloc                     - Undefined Weak Reference
    _terminateio                              - Undefined Weak Reference
    __Vectors_Size                           0x000000f4   Number         0  startup_stm32l152xb.o ABSOLUTE
    __Vectors                                0x08000000   Data           4  startup_stm32l152xb.o(RESET)
    __Vectors_End                            0x080000f4   Data           0  startup_stm32l152xb.o(RESET)
    __main                                   0x080000f5   Thumb Code     8  __main.o(!!!main)
    __scatterload                            0x080000fd   Thumb Code     0  __scatter.o(!!!scatter)
    __scatterload_rt2                        0x080000fd   Thumb Code    44  __scatter.o(!!!scatter)
    __scatterload_rt2_thumb_only             0x080000fd   Thumb Code     0  __scatter.o(!!!scatter)
    __scatterload_null                       0x0800010b   Thumb Code     0  __scatter.o(!!!scatter)
    __scatterload_copy                       0x08000131   Thumb Code    26  __scatter_copy.o(!!handler_copy)
    __scatterload_zeroinit                   0x0800014d   Thumb Code    28  __scatter_zi.o(!!handler_zi)
    __rt_lib_init                            0x08000169   Thumb Code     0  libinit.o(.ARM.Collect$$libinit$$00000000)
    __rt_lib_init_alloca_1                   0x0800016b   Thumb Code     0  libinit2.o(.ARM.Collect$$libinit$$0000002E)
    __rt_lib_init_argv_1                     0x0800016b   Thumb Code     0  libinit2.o(.ARM.Collect$$libinit$$0000002C)
    __rt_lib_init_atexit_1                   0x0800016b   Thumb Code     0  libinit2.o(.ARM.Collect$$libinit$$0000001B)
    __rt_lib_init_clock_1                    0x0800016b   Thumb Code     0  libinit2.o(.ARM.Collect$$libinit$$00000021)
    __rt_lib_init_cpp_1                      0x0800016b   Thumb Code     0  libinit2.o(.ARM.Collect$$libinit$$00000032)
    __rt_lib_init_exceptions_1               0x0800016b   Thumb Code     0  libinit2.o(.ARM.Collect$$libinit$$00000030)
    __rt_lib_init_fp_1                       0x0800016b   Thumb Code     0  libinit2.o(.ARM.Collect$$libinit$$00000002)
    __rt_lib_init_fp_trap_1                  0x0800016b   Thumb Code     0  libinit2.o(.ARM.Collect$$libinit$$0000001F)
    __rt_lib_init_getenv_1                   0x0800016b   Thumb Code     0  libinit2.o(.ARM.Collect$$libinit$$00000023)
    __rt_lib_init_heap_1                     0x0800016b   Thumb Code     0  libinit2.o(.ARM.Collect$$libinit$$0000000A)
    __rt_lib_init_lc_collate_1               0x0800016b   Thumb Code     0  libinit2.o(.ARM.Collect$$libinit$$00000011)
    __rt_lib_init_lc_ctype_1                 0x0800016b   Thumb Code     0  libinit2.o(.ARM.Collect$$libinit$$00000013)
    __rt_lib_init_lc_monetary_1              0x0800016b   Thumb Code     0  libinit2.o(.ARM.Collect$$libinit$$00000015)
    __rt_lib_init_lc_numeric_1               0x0800016b   Thumb Code     0  libinit2.o(.ARM.Collect$$libinit$$00000017)
    __rt_lib_init_lc_time_1                  0x0800016b   Thumb Code     0  libinit2.o(.ARM.Collect$$libinit$$00000019)
    __rt_lib_init_preinit_1                  0x0800016b   Thumb Code     0  libinit2.o(.ARM.Collect$$libinit$$00000004)
    __rt_lib_init_rand_1                     0x0800016b   Thumb Code     0  libinit2.o(.ARM.Collect$$libinit$$0000000E)
    __rt_lib_init_return                     0x0800016b   Thumb Code     0  libinit2.o(.ARM.Collect$$libinit$$00000033)
    __rt_lib_init_signal_1                   0x0800016b   Thumb Code     0  libinit2.o(.ARM.Collect$$libinit$$0000001D)
    __rt_lib_init_stdio_1                    0x0800016b   Thumb Code     0  libinit2.o(.ARM.Collect$$libinit$$00000025)
    __rt_lib_init_user_alloc_1               0x0800016b   Thumb Code     0  libinit2.o(.ARM.Collect$$libinit$$0000000C)
    __rt_lib_shutdown                        0x0800016d   Thumb Code     0  libshutdown.o(.ARM.Collect$$libshutdown$$00000000)
    __rt_lib_shutdown_cpp_1                  0x0800016f   Thumb Code     0  libshutdown2.o(.ARM.Collect$$libshutdown$$00000004)
    __rt_lib_shutdown_fini_1                 0x0800016f   Thumb Code     0  libshutdown2.o(.ARM.Collect$$libshutdown$$00000002)
    __rt_lib_shutdown_fp_trap_1              0x0800016f   Thumb Code     0  libshutdown2.o(.ARM.Collect$$libshutdown$$00000009)
    __rt_lib_shutdown_heap_1                 0x0800016f   Thumb Code     0  libshutdown2.o(.ARM.Collect$$libshutdown$$00000011)
    __rt_lib_shutdown_return                 0x0800016f   Thumb Code     0  libshutdown2.o(.ARM.Collect$$libshutdown$$00000012)
    __rt_lib_shutdown_signal_1               0x0800016f   Thumb Code     0  libshutdown2.o(.ARM.Collect$$libshutdown$$0000000C)
    __rt_lib_shutdown_stdio_1                0x0800016f   Thumb Code     0  libshutdown2.o(.ARM.Collect$$libshutdown$$00000006)
    __rt_lib_shutdown_user_alloc_1           0x0800016f   Thumb Code     0  libshutdown2.o(.ARM.Collect$$libshutdown$$0000000E)
    __rt_entry                               0x08000171   Thumb Code     0  __rtentry.o(.ARM.Collect$$rtentry$$00000000)
    __rt_entry_presh_1                       0x08000171   Thumb Code     0  __rtentry2.o(.ARM.Collect$$rtentry$$00000002)
    __rt_entry_sh                            0x08000171   Thumb Code     0  __rtentry4.o(.ARM.Collect$$rtentry$$00000004)
    __rt_entry_li                            0x08000177   Thumb Code     0  __rtentry2.o(.ARM.Collect$$rtentry$$0000000A)
    __rt_entry_postsh_1                      0x08000177   Thumb Code     0  __rtentry2.o(.ARM.Collect$$rtentry$$00000009)
    __rt_entry_main                          0x0800017b   Thumb Code     0  __rtentry2.o(.ARM.Collect$$rtentry$$0000000D)
    __rt_entry_postli_1                      0x0800017b   Thumb Code     0  __rtentry2.o(.ARM.Collect$$rtentry$$0000000C)
    __rt_exit                                0x08000183   Thumb Code     0  rtexit.o(.ARM.Collect$$rtexit$$00000000)
    __rt_exit_ls                             0x08000185   Thumb Code     0  rtexit2.o(.ARM.Collect$$rtexit$$00000003)
    __rt_exit_prels_1                        0x08000185   Thumb Code     0  rtexit2.o(.ARM.Collect$$rtexit$$00000002)
    __rt_exit_exit                           0x08000189   Thumb Code     0  rtexit2.o(.ARM.Collect$$rtexit$$00000004)
    Reset_Handler                            0x08000191   Thumb Code     8  startup_stm32l152xb.o(.text)
    NMI_Handler                              0x08000199   Thumb Code     2  startup_stm32l152xb.o(.text)
    HardFault_Handler                        0x0800019b   Thumb Code     2  startup_stm32l152xb.o(.text)
    MemManage_Handler                        0x0800019d   Thumb Code     2  startup_stm32l152xb.o(.text)
    BusFault_Handler                         0x0800019f   Thumb Code     2  startup_stm32l152xb.o(.text)
    UsageFault_Handler                       0x080001a1   Thumb Code     2  startup_stm32l152xb.o(.text)
    SVC_Handler                              0x080001a3   Thumb Code     2  startup_stm32l152xb.o(.text)
    DebugMon_Handler                         0x080001a5   Thumb Code     2  startup_stm32l152xb.o(.text)
    PendSV_Handler                           0x080001a7   Thumb Code     2  startup_stm32l152xb.o(.text)
    SysTick_Handler                          0x080001a9   Thumb Code     2  startup_stm32l152xb.o(.text)
    ADC1_IRQHandler                          0x080001ab   Thumb Code     0  startup_stm32l152xb.o(.text)
    COMP_IRQHandler                          0x080001ab   Thumb Code     0  startup_stm32l152xb.o(.text)
    DAC_IRQHandler                           0x080001ab   Thumb Code     0  startup_stm32l152xb.o(.text)
    DMA1_Channel1_IRQHandler                 0x080001ab   Thumb Code     0  startup_stm32l152xb.o(.text)
    DMA1_Channel2_IRQHandler                 0x080001ab   Thumb Code     0  startup_stm32l152xb.o(.text)
    DMA1_Channel3_IRQHandler                 0x080001ab   Thumb Code     0  startup_stm32l152xb.o(.text)
    DMA1_Channel4_IRQHandler                 0x080001ab   Thumb Code     0  startup_stm32l152xb.o(.text)
    DMA1_Channel5_IRQHandler                 0x080001ab   Thumb Code     0  startup_stm32l152xb.o(.text)
    DMA1_Channel6_IRQHandler                 0x080001ab   Thumb Code     0  startup_stm32l152xb.o(.text)
    DMA1_Channel7_IRQHandler                 0x080001ab   Thumb Code     0  startup_stm32l152xb.o(.text)
    EXTI15_10_IRQHandler                     0x080001ab   Thumb Code     0  startup_stm32l152xb.o(.text)
    EXTI1_IRQHandler                         0x080001ab   Thumb Code     0  startup_stm32l152xb.o(.text)
    EXTI2_IRQHandler                         0x080001ab   Thumb Code     0  startup_stm32l152xb.o(.text)
    EXTI3_IRQHandler                         0x080001ab   Thumb Code     0  startup_stm32l152xb.o(.text)
    EXTI4_IRQHandler                         0x080001ab   Thumb Code     0  startup_stm32l152xb.o(.text)
    EXTI9_5_IRQHandler                       0x080001ab   Thumb Code     0  startup_stm32l152xb.o(.text)
    FLASH_IRQHandler                         0x080001ab   Thumb Code     0  startup_stm32l152xb.o(.text)
    I2C1_ER_IRQHandler                       0x080001ab   Thumb Code     0  startup_stm32l152xb.o(.text)
    I2C1_EV_IRQHandler                       0x080001ab   Thumb Code     0  startup_stm32l152xb.o(.text)
    I2C2_ER_IRQHandler                       0x080001ab   Thumb Code     0  startup_stm32l152xb.o(.text)
    I2C2_EV_IRQHandler                       0x080001ab   Thumb Code     0  startup_stm32l152xb.o(.text)
    LCD_IRQHandler                           0x080001ab   Thumb Code     0  startup_stm32l152xb.o(.text)
    PVD_IRQHandler                           0x080001ab   Thumb Code     0  startup_stm32l152xb.o(.text)
    RCC_IRQHandler                           0x080001ab   Thumb Code     0  startup_stm32l152xb.o(.text)
    RTC_Alarm_IRQHandler                     0x080001ab   Thumb Code     0  startup_stm32l152xb.o(.text)
    RTC_WKUP_IRQHandler                      0x080001ab   Thumb Code     0  startup_stm32l152xb.o(.text)
    SPI1_IRQHandler                          0x080001ab   Thumb Code     0  startup_stm32l152xb.o(.text)
    SPI2_IRQHandler                          0x080001ab   Thumb Code     0  startup_stm32l152xb.o(.text)
    TAMPER_STAMP_IRQHandler                  0x080001ab   Thumb Code     0  startup_stm32l152xb.o(.text)
    TIM10_IRQHandler                         0x080001ab   Thumb Code     0  startup_stm32l152xb.o(.text)
    TIM11_IRQHandler                         0x080001ab   Thumb Code     0  startup_stm32l152xb.o(.text)
    TIM3_IRQHandler                          0x080001ab   Thumb Code     0  startup_stm32l152xb.o(.text)
    TIM4_IRQHandler                          0x080001ab   Thumb Code     0  startup_stm32l152xb.o(.text)
    TIM6_IRQHandler                          0x080001ab   Thumb Code     0  startup_stm32l152xb.o(.text)
    TIM7_IRQHandler                          0x080001ab   Thumb Code     0  startup_stm32l152xb.o(.text)
    TIM9_IRQHandler                          0x080001ab   Thumb Code     0  startup_stm32l152xb.o(.text)
    USART1_IRQHandler                        0x080001ab   Thumb Code     0  startup_stm32l152xb.o(.text)
    USART2_IRQHandler                        0x080001ab   Thumb Code     0  startup_stm32l152xb.o(.text)
    USART3_IRQHandler                        0x080001ab   Thumb Code     0  startup_stm32l152xb.o(.text)
    USB_FS_WKUP_IRQHandler                   0x080001ab   Thumb Code     0  startup_stm32l152xb.o(.text)
    USB_HP_IRQHandler                        0x080001ab   Thumb Code     0  startup_stm32l152xb.o(.text)
    USB_LP_IRQHandler                        0x080001ab   Thumb Code     0  startup_stm32l152xb.o(.text)
    WWDG_IRQHandler                          0x080001ab   Thumb Code     0  startup_stm32l152xb.o(.text)
    __user_initial_stackheap                 0x080001ad   Thumb Code     0  startup_stm32l152xb.o(.text)
    __aeabi_memcpy4                          0x080001d1   Thumb Code     0  rt_memcpy_w.o(.text)
    __aeabi_memcpy8                          0x080001d1   Thumb Code     0  rt_memcpy_w.o(.text)
    __rt_memcpy_w                            0x080001d1   Thumb Code   100  rt_memcpy_w.o(.text)
    _memcpy_lastbytes_aligned                0x08000219   Thumb Code     0  rt_memcpy_w.o(.text)
    __use_two_region_memory                  0x08000235   Thumb Code     2  heapauxi.o(.text)
    __rt_heap_escrow$2region                 0x08000237   Thumb Code     2  heapauxi.o(.text)
    __rt_heap_expand$2region                 0x08000239   Thumb Code     2  heapauxi.o(.text)
    __user_setup_stackheap                   0x0800023b   Thumb Code    74  sys_stackheap_outer.o(.text)
    exit                                     0x08000285   Thumb Code    18  exit.o(.text)
    __user_libspace                          0x08000299   Thumb Code     8  libspace.o(.text)
    __user_perproc_libspace                  0x08000299   Thumb Code     0  libspace.o(.text)
    __user_perthread_libspace                0x08000299   Thumb Code     0  libspace.o(.text)
    _sys_exit                                0x080002a1   Thumb Code     8  sys_exit.o(.text)
    __I$use$semihosting                      0x080002ad   Thumb Code     0  use_no_semi.o(.text)
    __use_no_semihosting_swi                 0x080002ad   Thumb Code     2  use_no_semi.o(.text)
    __semihosting_library_function           0x080002af   Thumb Code     0  indicate_semi.o(.text)
    DisplayNumber                            0x080002b1   Thumb Code   214  main.o(i.DisplayNumber)
    EXTI0_IRQHandler                         0x08000399   Thumb Code    40  main.o(i.EXTI0_IRQHandler)
    GPIO_Config                              0x080003c9   Thumb Code   196  main.o(i.GPIO_Config)
    LL_EXTI_Init                             0x08000535   Thumb Code   184  stm32l1xx_ll_exti.o(i.LL_EXTI_Init)
    LL_GPIO_Init                             0x080005f1   Thumb Code   324  stm32l1xx_ll_gpio.o(i.LL_GPIO_Init)
    LL_Init1msTick                           0x0800073f   Thumb Code    28  stm32l1xx_ll_utils.o(i.LL_Init1msTick)
    LL_SetSystemCoreClock                    0x0800076d   Thumb Code     6  stm32l1xx_ll_utils.o(i.LL_SetSystemCoreClock)
    LL_TIM_Init                              0x08000785   Thumb Code   112  stm32l1xx_ll_tim.o(i.LL_TIM_Init)
    LL_TIM_OC_Init                           0x08000809   Thumb Code    92  stm32l1xx_ll_tim.o(i.LL_TIM_OC_Init)
    LL_mDelay                                0x08000865   Thumb Code    40  stm32l1xx_ll_utils.o(i.LL_mDelay)
    PA0_EXTI_Config                          0x080009cd   Thumb Code   108  main.o(i.PA0_EXTI_Config)
    SystemClock_Config                       0x08000a49   Thumb Code   282  main.o(i.SystemClock_Config)
    SystemInit                               0x08000b75   Thumb Code    82  system_stm32l1xx.o(i.SystemInit)
    TIM2_IRQHandler                          0x08000bd9   Thumb Code    36  main.o(i.TIM2_IRQHandler)
    TIM_Config                               0x08000c01   Thumb Code   138  main.o(i.TIM_Config)
    main                                     0x08000c95   Thumb Code   108  main.o(i.main)
    Region$$Table$$Base                      0x08000db4   Number         0  anon$$obj.o(Region$$Table)
    Region$$Table$$Limit                     0x08000dd4   Number         0  anon$$obj.o(Region$$Table)
    SystemCoreClock                          0x20000000   Data           4  system_stm32l1xx.o(.data)
    ref_value                                0x20000004   Data           2  main.o(.data)
    measureUnit                              0x20000006   Data           2  main.o(.data)
    button_pressed                           0x20000008   Data           1  main.o(.data)
    __libspace_start                         0x2000000c   Data          96  libspace.o(.bss)
    __temporary_stack_top$libspace           0x2000006c   Data           0  libspace.o(.bss)



==============================================================================

Memory Map of the image

  Image Entry point : 0x08000191

  Load Region LR_1 (Base: 0x08000000, Size: 0x00000de0, Max: 0xffffffff, ABSOLUTE)

    Execution Region ER_RO (Exec base: 0x08000000, Load base: 0x08000000, Size: 0x00000dd4, Max: 0xffffffff, ABSOLUTE)

    Exec Addr    Load Addr    Size         Type   Attr      Idx    E Section Name        Object

    0x08000000   0x08000000   0x000000f4   Data   RO           65    RESET               startup_stm32l152xb.o
    0x080000f4   0x080000f4   0x00000008   Code   RO          930  * !!!main             c_w.l(__main.o)
    0x080000fc   0x080000fc   0x00000034   Code   RO         1089    !!!scatter          c_w.l(__scatter.o)
    0x08000130   0x08000130   0x0000001a   Code   RO         1091    !!handler_copy      c_w.l(__scatter_copy.o)
    0x0800014a   0x0800014a   0x00000002   PAD
    0x0800014c   0x0800014c   0x0000001c   Code   RO         1093    !!handler_zi        c_w.l(__scatter_zi.o)
    0x08000168   0x08000168   0x00000002   Code   RO          957    .ARM.Collect$$libinit$$00000000  c_w.l(libinit.o)
    0x0800016a   0x0800016a   0x00000000   Code   RO          964    .ARM.Collect$$libinit$$00000002  c_w.l(libinit2.o)
    0x0800016a   0x0800016a   0x00000000   Code   RO          966    .ARM.Collect$$libinit$$00000004  c_w.l(libinit2.o)
    0x0800016a   0x0800016a   0x00000000   Code   RO          969    .ARM.Collect$$libinit$$0000000A  c_w.l(libinit2.o)
    0x0800016a   0x0800016a   0x00000000   Code   RO          971    .ARM.Collect$$libinit$$0000000C  c_w.l(libinit2.o)
    0x0800016a   0x0800016a   0x00000000   Code   RO          973    .ARM.Collect$$libinit$$0000000E  c_w.l(libinit2.o)
    0x0800016a   0x0800016a   0x00000000   Code   RO          976    .ARM.Collect$$libinit$$00000011  c_w.l(libinit2.o)
    0x0800016a   0x0800016a   0x00000000   Code   RO          978    .ARM.Collect$$libinit$$00000013  c_w.l(libinit2.o)
    0x0800016a   0x0800016a   0x00000000   Code   RO          980    .ARM.Collect$$libinit$$00000015  c_w.l(libinit2.o)
    0x0800016a   0x0800016a   0x00000000   Code   RO          982    .ARM.Collect$$libinit$$00000017  c_w.l(libinit2.o)
    0x0800016a   0x0800016a   0x00000000   Code   RO          984    .ARM.Collect$$libinit$$00000019  c_w.l(libinit2.o)
    0x0800016a   0x0800016a   0x00000000   Code   RO          986    .ARM.Collect$$libinit$$0000001B  c_w.l(libinit2.o)
    0x0800016a   0x0800016a   0x00000000   Code   RO          988    .ARM.Collect$$libinit$$0000001D  c_w.l(libinit2.o)
    0x0800016a   0x0800016a   0x00000000   Code   RO          990    .ARM.Collect$$libinit$$0000001F  c_w.l(libinit2.o)
    0x0800016a   0x0800016a   0x00000000   Code   RO          992    .ARM.Collect$$libinit$$00000021  c_w.l(libinit2.o)
    0x0800016a   0x0800016a   0x00000000   Code   RO          994    .ARM.Collect$$libinit$$00000023  c_w.l(libinit2.o)
    0x0800016a   0x0800016a   0x00000000   Code   RO          996    .ARM.Collect$$libinit$$00000025  c_w.l(libinit2.o)
    0x0800016a   0x0800016a   0x00000000   Code   RO         1000    .ARM.Collect$$libinit$$0000002C  c_w.l(libinit2.o)
    0x0800016a   0x0800016a   0x00000000   Code   RO         1002    .ARM.Collect$$libinit$$0000002E  c_w.l(libinit2.o)
    0x0800016a   0x0800016a   0x00000000   Code   RO         1004    .ARM.Collect$$libinit$$00000030  c_w.l(libinit2.o)
    0x0800016a   0x0800016a   0x00000000   Code   RO         1006    .ARM.Collect$$libinit$$00000032  c_w.l(libinit2.o)
    0x0800016a   0x0800016a   0x00000002   Code   RO         1007    .ARM.Collect$$libinit$$00000033  c_w.l(libinit2.o)
    0x0800016c   0x0800016c   0x00000002   Code   RO         1027    .ARM.Collect$$libshutdown$$00000000  c_w.l(libshutdown.o)
    0x0800016e   0x0800016e   0x00000000   Code   RO         1040    .ARM.Collect$$libshutdown$$00000002  c_w.l(libshutdown2.o)
    0x0800016e   0x0800016e   0x00000000   Code   RO         1042    .ARM.Collect$$libshutdown$$00000004  c_w.l(libshutdown2.o)
    0x0800016e   0x0800016e   0x00000000   Code   RO         1044    .ARM.Collect$$libshutdown$$00000006  c_w.l(libshutdown2.o)
    0x0800016e   0x0800016e   0x00000000   Code   RO         1047    .ARM.Collect$$libshutdown$$00000009  c_w.l(libshutdown2.o)
    0x0800016e   0x0800016e   0x00000000   Code   RO         1050    .ARM.Collect$$libshutdown$$0000000C  c_w.l(libshutdown2.o)
    0x0800016e   0x0800016e   0x00000000   Code   RO         1052    .ARM.Collect$$libshutdown$$0000000E  c_w.l(libshutdown2.o)
    0x0800016e   0x0800016e   0x00000000   Code   RO         1055    .ARM.Collect$$libshutdown$$00000011  c_w.l(libshutdown2.o)
    0x0800016e   0x0800016e   0x00000002   Code   RO         1056    .ARM.Collect$$libshutdown$$00000012  c_w.l(libshutdown2.o)
    0x08000170   0x08000170   0x00000000   Code   RO          932    .ARM.Collect$$rtentry$$00000000  c_w.l(__rtentry.o)
    0x08000170   0x08000170   0x00000000   Code   RO          934    .ARM.Collect$$rtentry$$00000002  c_w.l(__rtentry2.o)
    0x08000170   0x08000170   0x00000006   Code   RO          946    .ARM.Collect$$rtentry$$00000004  c_w.l(__rtentry4.o)
    0x08000176   0x08000176   0x00000000   Code   RO          936    .ARM.Collect$$rtentry$$00000009  c_w.l(__rtentry2.o)
    0x08000176   0x08000176   0x00000004   Code   RO          937    .ARM.Collect$$rtentry$$0000000A  c_w.l(__rtentry2.o)
    0x0800017a   0x0800017a   0x00000000   Code   RO          939    .ARM.Collect$$rtentry$$0000000C  c_w.l(__rtentry2.o)
    0x0800017a   0x0800017a   0x00000008   Code   RO          940    .ARM.Collect$$rtentry$$0000000D  c_w.l(__rtentry2.o)
    0x08000182   0x08000182   0x00000002   Code   RO          961    .ARM.Collect$$rtexit$$00000000  c_w.l(rtexit.o)
    0x08000184   0x08000184   0x00000000   Code   RO         1009    .ARM.Collect$$rtexit$$00000002  c_w.l(rtexit2.o)
    0x08000184   0x08000184   0x00000004   Code   RO         1010    .ARM.Collect$$rtexit$$00000003  c_w.l(rtexit2.o)
    0x08000188   0x08000188   0x00000006   Code   RO         1011    .ARM.Collect$$rtexit$$00000004  c_w.l(rtexit2.o)
    0x0800018e   0x0800018e   0x00000002   PAD
    0x08000190   0x08000190   0x00000040   Code   RO           66  * .text               startup_stm32l152xb.o
    0x080001d0   0x080001d0   0x00000064   Code   RO          924    .text               c_w.l(rt_memcpy_w.o)
    0x08000234   0x08000234   0x00000006   Code   RO          928    .text               c_w.l(heapauxi.o)
    0x0800023a   0x0800023a   0x0000004a   Code   RO          948    .text               c_w.l(sys_stackheap_outer.o)
    0x08000284   0x08000284   0x00000012   Code   RO          950    .text               c_w.l(exit.o)
    0x08000296   0x08000296   0x00000002   PAD
    0x08000298   0x08000298   0x00000008   Code   RO          958    .text               c_w.l(libspace.o)
    0x080002a0   0x080002a0   0x0000000c   Code   RO         1019    .text               c_w.l(sys_exit.o)
    0x080002ac   0x080002ac   0x00000002   Code   RO         1030    .text               c_w.l(use_no_semi.o)
    0x080002ae   0x080002ae   0x00000000   Code   RO         1032    .text               c_w.l(indicate_semi.o)
    0x080002ae   0x080002ae   0x00000002   PAD
    0x080002b0   0x080002b0   0x000000e8   Code   RO           73    i.DisplayNumber     main.o
    0x08000398   0x08000398   0x00000030   Code   RO           74    i.EXTI0_IRQHandler  main.o
    0x080003c8   0x080003c8   0x000000d4   Code   RO           75    i.GPIO_Config       main.o
    0x0800049c   0x0800049c   0x0000001c   Code   RO           76    i.LL_AHB1_GRP1_EnableClock  main.o
    0x080004b8   0x080004b8   0x0000001c   Code   RO           77    i.LL_APB1_GRP1_EnableClock  main.o
    0x080004d4   0x080004d4   0x00000010   Code   RO          800    i.LL_EXTI_DisableEvent_0_31  stm32l1xx_ll_exti.o
    0x080004e4   0x080004e4   0x00000010   Code   RO          801    i.LL_EXTI_DisableIT_0_31  stm32l1xx_ll_exti.o
    0x080004f4   0x080004f4   0x00000010   Code   RO          802    i.LL_EXTI_EnableEvent_0_31  stm32l1xx_ll_exti.o
    0x08000504   0x08000504   0x00000010   Code   RO          803    i.LL_EXTI_EnableFallingTrig_0_31  stm32l1xx_ll_exti.o
    0x08000514   0x08000514   0x00000010   Code   RO          804    i.LL_EXTI_EnableIT_0_31  stm32l1xx_ll_exti.o
    0x08000524   0x08000524   0x00000010   Code   RO          805    i.LL_EXTI_EnableRisingTrig_0_31  stm32l1xx_ll_exti.o
    0x08000534   0x08000534   0x000000bc   Code   RO          806    i.LL_EXTI_Init      stm32l1xx_ll_exti.o
    0x080005f0   0x080005f0   0x00000144   Code   RO          610    i.LL_GPIO_Init      stm32l1xx_ll_gpio.o
    0x08000734   0x08000734   0x00000006   Code   RO           78    i.LL_GPIO_ResetOutputPin  main.o
    0x0800073a   0x0800073a   0x00000004   Code   RO           79    i.LL_GPIO_SetOutputPin  main.o
    0x0800073e   0x0800073e   0x0000001c   Code   RO          507    i.LL_Init1msTick    stm32l1xx_ll_utils.o
    0x0800075a   0x0800075a   0x00000002   PAD
    0x0800075c   0x0800075c   0x00000010   Code   RO           80    i.LL_RCC_HSI_IsReady  main.o
    0x0800076c   0x0800076c   0x0000000c   Code   RO          514    i.LL_SetSystemCoreClock  stm32l1xx_ll_utils.o
    0x08000778   0x08000778   0x0000000a   Code   RO           81    i.LL_TIM_EnableCounter  main.o
    0x08000782   0x08000782   0x00000002   PAD
    0x08000784   0x08000784   0x00000084   Code   RO          672    i.LL_TIM_Init       stm32l1xx_ll_tim.o
    0x08000808   0x08000808   0x0000005c   Code   RO          673    i.LL_TIM_OC_Init    stm32l1xx_ll_tim.o
    0x08000864   0x08000864   0x00000028   Code   RO          515    i.LL_mDelay         stm32l1xx_ll_utils.o
    0x0800088c   0x0800088c   0x00000016   Code   RO           82    i.NVIC_EnableIRQ    main.o
    0x080008a2   0x080008a2   0x0000004a   Code   RO          676    i.OC1Config         stm32l1xx_ll_tim.o
    0x080008ec   0x080008ec   0x0000004a   Code   RO          677    i.OC2Config         stm32l1xx_ll_tim.o
    0x08000936   0x08000936   0x0000004a   Code   RO          678    i.OC3Config         stm32l1xx_ll_tim.o
    0x08000980   0x08000980   0x0000004a   Code   RO          679    i.OC4Config         stm32l1xx_ll_tim.o
    0x080009ca   0x080009ca   0x00000002   PAD
    0x080009cc   0x080009cc   0x0000007c   Code   RO           83    i.PA0_EXTI_Config   main.o
    0x08000a48   0x08000a48   0x0000012c   Code   RO           84    i.SystemClock_Config  main.o
    0x08000b74   0x08000b74   0x00000064   Code   RO            5    i.SystemInit        system_stm32l1xx.o
    0x08000bd8   0x08000bd8   0x00000028   Code   RO           85    i.TIM2_IRQHandler   main.o
    0x08000c00   0x08000c00   0x00000094   Code   RO           86    i.TIM_Config        main.o
    0x08000c94   0x08000c94   0x0000007c   Code   RO           87    i.main              main.o
    0x08000d10   0x08000d10   0x000000a4   Data   RO           88    .constdata          main.o
    0x08000db4   0x08000db4   0x00000020   Data   RO         1087    Region$$Table       anon$$obj.o


    Execution Region ER_RW (Exec base: 0x20000000, Load base: 0x08000dd4, Size: 0x0000000c, Max: 0xffffffff, ABSOLUTE)

    Exec Addr    Load Addr    Size         Type   Attr      Idx    E Section Name        Object

    0x20000000   0x08000dd4   0x00000004   Data   RW            7    .data               system_stm32l1xx.o
    0x20000004   0x08000dd8   0x00000005   Data   RW           89    .data               main.o


    Execution Region ER_ZI (Exec base: 0x2000000c, Load base: 0x08000de0, Size: 0x00000664, Max: 0xffffffff, ABSOLUTE)

    Exec Addr    Load Addr    Size         Type   Attr      Idx    E Section Name        Object

    0x2000000c        -       0x00000060   Zero   RW          959    .bss                c_w.l(libspace.o)
    0x2000006c   0x08000de0   0x00000004   PAD
    0x20000070        -       0x00000200   Zero   RW           64    HEAP                startup_stm32l152xb.o
    0x20000270        -       0x00000400   Zero   RW           63    STACK               startup_stm32l152xb.o


==============================================================================

Image component sizes


      Code (inc. data)   RO Data    RW Data    ZI Data      Debug   Object Name

      1342        120        164          5          0      89916   main.o
        64         26        244          0       1536        980   startup_stm32l152xb.o
       284         28          0          0          0       8087   stm32l1xx_ll_exti.o
       324          0          0          0          0       7603   stm32l1xx_ll_gpio.o
       520         20          0          0          0      29991   stm32l1xx_ll_tim.o
        80          6          0          0          0       6421   stm32l1xx_ll_utils.o
       100         18          0          4          0     271111   system_stm32l1xx.o

    ----------------------------------------------------------------------
      2720        218        440         12       1536     414109   Object Totals
         0          0         32          0          0          0   (incl. Generated)
         6          0          0          3          0          0   (incl. Padding)

    ----------------------------------------------------------------------

      Code (inc. data)   RO Data    RW Data    ZI Data      Debug   Library Member Name

         8          0          0          0          0         68   __main.o
         0          0          0          0          0          0   __rtentry.o
        12          0          0          0          0          0   __rtentry2.o
         6          0          0          0          0          0   __rtentry4.o
        52          8          0          0          0          0   __scatter.o
        26          0          0          0          0          0   __scatter_copy.o
        28          0          0          0          0          0   __scatter_zi.o
        18          0          0          0          0         80   exit.o
         6          0          0          0          0        152   heapauxi.o
         0          0          0          0          0          0   indicate_semi.o
         2          0          0          0          0          0   libinit.o
         2          0          0          0          0          0   libinit2.o
         2          0          0          0          0          0   libshutdown.o
         2          0          0          0          0          0   libshutdown2.o
         8          4          0          0         96         68   libspace.o
       100          0          0          0          0         80   rt_memcpy_w.o
         2          0          0          0          0          0   rtexit.o
        10          0          0          0          0          0   rtexit2.o
        12          4          0          0          0         68   sys_exit.o
        74          0          0          0          0         80   sys_stackheap_outer.o
         2          0          0          0          0         68   use_no_semi.o

    ----------------------------------------------------------------------
       380         16          0          0        100        664   Library Totals
         8          0          0          0          4          0   (incl. Padding)

    ----------------------------------------------------------------------

      Code (inc. data)   RO Data    RW Data    ZI Data      Debug   Library Name

       372         16          0          0         96        664   c_w.l

    ----------------------------------------------------------------------
       380         16          0          0        100        664   Library Totals

    ----------------------------------------------------------------------

==============================================================================


      Code (inc. data)   RO Data    RW Data    ZI Data      Debug   

      3100        234        440         12       1636     413001   Grand Totals
      3100        234        440         12       1636     413001   ELF Image Totals
      3100        234        440         12          0          0   ROM Totals

==============================================================================

    Total RO  Size (Code + RO Data)                 3540 (   3.46kB)
    Total RW  Size (RW Data + ZI Data)              1648 (   1.61kB)
    Total ROM Size (Code + RO Data + RW Data)       3552 (   3.47kB)

==============================================================================

