<html>
<body>
<pre>
<h1>µVision Build Log</h1>
<h2>Tool Versions:</h2>
IDE-Version: ?Vision V5.34.0.0
Copyright (C) 2021 ARM Ltd and ARM Germany GmbH. All rights reserved.
License Information: dwad awdawd, dawdwa, LIC=----
 
Tool Versions:
Toolchain:       MDK-Lite  Version: 5.34.0.0
Toolchain Path:  C:\Program Files\Keil_v5\ARM\ARMCC\Bin
C Compiler:      Armcc.exe V5.06 update 7 (build 960)
Assembler:       Armasm.exe V5.06 update 7 (build 960)
Linker/Locator:  ArmLink.exe V5.06 update 7 (build 960)
Library Manager: ArmAr.exe V5.06 update 7 (build 960)
Hex Converter:   FromElf.exe V5.06 update 7 (build 960)
CPU DLL:         SARMCM3.DLL V5.34.0.0
Dialog DLL:      DCM.DLL V1.17.3.0
Target DLL:      STLink\ST-LINKIII-KEIL_SWO.dll V3.0.8.0
Dialog DLL:      TCM.DLL V1.48.0.0
 
<h2>Project:</h2>
C:\Users\tanap\OneDrive\Desktop\What the Github\CPE311work\2566-CPE311-Ginguaytiew\Project Archive\Project_Temporary_Test\MDK-ARM\Temporary_Test.uvprojx
Project File Date:  01/28/2024

<h2>Output:</h2>
*** Using Compiler 'V5.06 update 7 (build 960)', folder: 'C:\Program Files\Keil_v5\ARM\ARMCC\Bin'
Build Project 'Temporary_Test' - Target 'Demonstrate'
compiling main.c...
C:\Users\tanap\OneDrive\Desktop\What the Github\CPE311work\2566-CPE311-Ginguaytiew\Project Archive\Project_Temporary_Test\src\main.c(30): warning:  #177-D: variable "digit"  was declared but never referenced
  	uint32_t digit [4] ={LL_GPIO_PIN_0, LL_GPIO_PIN_1, LL_GPIO_PIN_2, LL_GPIO_PIN_3};
..\src\main.c: 1 warning, 0 errors
linking...
Program Size: Code=2972 RO-data=376 RW-data=8 ZI-data=1632  
".\Objects\STM32L152RB.axf" - 0 Error(s), 1 Warning(s).

<h2>Software Packages used:</h2>

Package Vendor: Keil
                http://www.keil.com/pack/Keil.STM32L1xx_DFP.1.4.1.pack
                Keil.STM32L1xx_DFP.1.4.1
                STMicroelectronics STM32L1 Series Device Support and Examples

<h2>Collection of Component include folders:</h2>
  C:\Users\tanap\AppData\Local\Arm\Packs\Keil\STM32L1xx_DFP\1.4.1\Drivers\CMSIS\Device\ST\STM32L1xx\Include

<h2>Collection of Component Files used:</h2>
Build Time Elapsed:  00:00:01
</pre>
</body>
</html>
